../Drivers/CMSIS/Include/core_cm0plus.h:985:34:__NVIC_SystemReset	8	static,ignoring_inline_asm
../Core/Src/main.c:214:6:update_filter_settings	16	static
../Core/Src/main.c:226:6:HAL_FDCAN_RxFifo0Callback	296	static
../Core/Src/main.c:376:19:recover_can_bus	8	static
../Core/Src/main.c:408:5:check_can_bus_health	56	static
../Core/Src/main.c:432:5:main	144	static
../Core/Src/main.c:812:6:SystemClock_Config	96	static
../Core/Src/main.c:855:13:MX_ADC1_Init	24	static
../Core/Src/main.c:910:13:MX_FDCAN1_Init	72	static
../Core/Src/main.c:1001:13:MX_I2C1_Init	8	static
../Core/Src/main.c:1045:13:MX_SPI1_Init	8	static
../Core/Src/main.c:1083:13:MX_SPI2_Init	8	static
../Core/Src/main.c:1121:13:MX_TIM2_Init	48	static
../Core/Src/main.c:1166:13:MX_TIM3_Init	64	static
../Core/Src/main.c:1219:13:MX_TIM4_Init	64	static
../Core/Src/main.c:1272:13:MX_USB_DRD_FS_PCD_Init	8	static
../Core/Src/main.c:1307:13:MX_GPIO_Init	56	static
../Core/Src/main.c:1347:6:set_encoder_direction_with_flash	16	static
../Core/Src/main.c:1355:6:set_position_offset_with_flash	16	static
../Core/Src/main.c:1363:6:get_current_filter_settings	16	static
../Core/Src/main.c:1373:19:update_filter_settings_safe	40	static
../Core/Src/main.c:1390:6:txHeaderConfigure	16	static
../Core/Src/main.c:1406:6:rxHeaderConfigure	16	static
../Core/Src/main.c:1414:6:txHeaderConfigureBooleanStatus	16	static
../Core/Src/main.c:1431:6:Error_Handler	16	static
