Archive member included to satisfy reference by file (symbol)

C:/ST/STM32CubeIDE_1.18.1/STM32CubeIDE/plugins/com.st.stm32cube.ide.mcu.externaltools.gnu-tools-for-stm32.13.3.rel1.win32_1.0.0.202411081344/tools/bin/../lib/gcc/arm-none-eabi/13.3.1/../../../../arm-none-eabi/lib/thumb/v6-m/nofp\libc_nano.a(libc_a-exit.o)
                              C:/ST/STM32CubeIDE_1.18.1/STM32CubeIDE/plugins/com.st.stm32cube.ide.mcu.externaltools.gnu-tools-for-stm32.13.3.rel1.win32_1.0.0.202411081344/tools/bin/../lib/gcc/arm-none-eabi/13.3.1/../../../../arm-none-eabi/lib/thumb/v6-m/nofp/crt0.o (exit)
C:/ST/STM32CubeIDE_1.18.1/STM32CubeIDE/plugins/com.st.stm32cube.ide.mcu.externaltools.gnu-tools-for-stm32.13.3.rel1.win32_1.0.0.202411081344/tools/bin/../lib/gcc/arm-none-eabi/13.3.1/../../../../arm-none-eabi/lib/thumb/v6-m/nofp\libc_nano.a(libc_a-ctype_.o)
                              ./Core/Src/non_blocking_morse.o (_ctype_)
C:/ST/STM32CubeIDE_1.18.1/STM32CubeIDE/plugins/com.st.stm32cube.ide.mcu.externaltools.gnu-tools-for-stm32.13.3.rel1.win32_1.0.0.202411081344/tools/bin/../lib/gcc/arm-none-eabi/13.3.1/../../../../arm-none-eabi/lib/thumb/v6-m/nofp\libc_nano.a(libc_a-findfp.o)
                              C:/ST/STM32CubeIDE_1.18.1/STM32CubeIDE/plugins/com.st.stm32cube.ide.mcu.externaltools.gnu-tools-for-stm32.13.3.rel1.win32_1.0.0.202411081344/tools/bin/../lib/gcc/arm-none-eabi/13.3.1/../../../../arm-none-eabi/lib/thumb/v6-m/nofp\libc_nano.a(libc_a-exit.o) (__stdio_exit_handler)
C:/ST/STM32CubeIDE_1.18.1/STM32CubeIDE/plugins/com.st.stm32cube.ide.mcu.externaltools.gnu-tools-for-stm32.13.3.rel1.win32_1.0.0.202411081344/tools/bin/../lib/gcc/arm-none-eabi/13.3.1/../../../../arm-none-eabi/lib/thumb/v6-m/nofp\libc_nano.a(libc_a-fwalk.o)
                              C:/ST/STM32CubeIDE_1.18.1/STM32CubeIDE/plugins/com.st.stm32cube.ide.mcu.externaltools.gnu-tools-for-stm32.13.3.rel1.win32_1.0.0.202411081344/tools/bin/../lib/gcc/arm-none-eabi/13.3.1/../../../../arm-none-eabi/lib/thumb/v6-m/nofp\libc_nano.a(libc_a-findfp.o) (_fwalk_sglue)
C:/ST/STM32CubeIDE_1.18.1/STM32CubeIDE/plugins/com.st.stm32cube.ide.mcu.externaltools.gnu-tools-for-stm32.13.3.rel1.win32_1.0.0.202411081344/tools/bin/../lib/gcc/arm-none-eabi/13.3.1/../../../../arm-none-eabi/lib/thumb/v6-m/nofp\libc_nano.a(libc_a-stdio.o)
                              C:/ST/STM32CubeIDE_1.18.1/STM32CubeIDE/plugins/com.st.stm32cube.ide.mcu.externaltools.gnu-tools-for-stm32.13.3.rel1.win32_1.0.0.202411081344/tools/bin/../lib/gcc/arm-none-eabi/13.3.1/../../../../arm-none-eabi/lib/thumb/v6-m/nofp\libc_nano.a(libc_a-findfp.o) (__sread)
C:/ST/STM32CubeIDE_1.18.1/STM32CubeIDE/plugins/com.st.stm32cube.ide.mcu.externaltools.gnu-tools-for-stm32.13.3.rel1.win32_1.0.0.202411081344/tools/bin/../lib/gcc/arm-none-eabi/13.3.1/../../../../arm-none-eabi/lib/thumb/v6-m/nofp\libc_nano.a(libc_a-memset.o)
                              C:/ST/STM32CubeIDE_1.18.1/STM32CubeIDE/plugins/com.st.stm32cube.ide.mcu.externaltools.gnu-tools-for-stm32.13.3.rel1.win32_1.0.0.202411081344/tools/bin/../lib/gcc/arm-none-eabi/13.3.1/../../../../arm-none-eabi/lib/thumb/v6-m/nofp/crt0.o (memset)
C:/ST/STM32CubeIDE_1.18.1/STM32CubeIDE/plugins/com.st.stm32cube.ide.mcu.externaltools.gnu-tools-for-stm32.13.3.rel1.win32_1.0.0.202411081344/tools/bin/../lib/gcc/arm-none-eabi/13.3.1/../../../../arm-none-eabi/lib/thumb/v6-m/nofp\libc_nano.a(libc_a-strncmp.o)
                              ./Core/Src/flash_config.o (strncmp)
C:/ST/STM32CubeIDE_1.18.1/STM32CubeIDE/plugins/com.st.stm32cube.ide.mcu.externaltools.gnu-tools-for-stm32.13.3.rel1.win32_1.0.0.202411081344/tools/bin/../lib/gcc/arm-none-eabi/13.3.1/../../../../arm-none-eabi/lib/thumb/v6-m/nofp\libc_nano.a(libc_a-strncpy.o)
                              ./Core/Src/flash_config.o (strncpy)
C:/ST/STM32CubeIDE_1.18.1/STM32CubeIDE/plugins/com.st.stm32cube.ide.mcu.externaltools.gnu-tools-for-stm32.13.3.rel1.win32_1.0.0.202411081344/tools/bin/../lib/gcc/arm-none-eabi/13.3.1/../../../../arm-none-eabi/lib/thumb/v6-m/nofp\libc_nano.a(libc_a-closer.o)
                              C:/ST/STM32CubeIDE_1.18.1/STM32CubeIDE/plugins/com.st.stm32cube.ide.mcu.externaltools.gnu-tools-for-stm32.13.3.rel1.win32_1.0.0.202411081344/tools/bin/../lib/gcc/arm-none-eabi/13.3.1/../../../../arm-none-eabi/lib/thumb/v6-m/nofp\libc_nano.a(libc_a-stdio.o) (_close_r)
C:/ST/STM32CubeIDE_1.18.1/STM32CubeIDE/plugins/com.st.stm32cube.ide.mcu.externaltools.gnu-tools-for-stm32.13.3.rel1.win32_1.0.0.202411081344/tools/bin/../lib/gcc/arm-none-eabi/13.3.1/../../../../arm-none-eabi/lib/thumb/v6-m/nofp\libc_nano.a(libc_a-reent.o)
                              C:/ST/STM32CubeIDE_1.18.1/STM32CubeIDE/plugins/com.st.stm32cube.ide.mcu.externaltools.gnu-tools-for-stm32.13.3.rel1.win32_1.0.0.202411081344/tools/bin/../lib/gcc/arm-none-eabi/13.3.1/../../../../arm-none-eabi/lib/thumb/v6-m/nofp\libc_nano.a(libc_a-closer.o) (errno)
[...]
Memory Configuration

Name             Origin             Length             Attributes
RAM              0x20000000         0x00024000         xrw
FLASH            0x08000000         0x00060000         xr
*default*        0x00000000         0xffffffff

Linker script and memory map

LOAD C:/ST/STM32CubeIDE_1.18.1/STM32CubeIDE/plugins/com.st.stm32cube.ide.mcu.externaltools.gnu-tools-for-stm32.13.3.rel1.win32_1.0.0.202411081344/tools/bin/../lib/gcc/arm-none-eabi/13.3.1/thumb/v6-m/nofp/crti.o
LOAD C:/ST/STM32CubeIDE_1.18.1/STM32CubeIDE/plugins/com.st.stm32cube.ide.mcu.externaltools.gnu-tools-for-stm32.13.3.rel1.win32_1.0.0.202411081344/tools/bin/../lib/gcc/arm-none-eabi/13.3.1/thumb/v6-m/nofp/crtbegin.o
LOAD C:/ST/STM32CubeIDE_1.18.1/STM32CubeIDE/plugins/com.st.stm32cube.ide.mcu.externaltools.gnu-tools-for-stm32.13.3.rel1.win32_1.0.0.202411081344/tools/bin/../lib/gcc/arm-none-eabi/13.3.1/../../../../arm-none-eabi/lib/thumb/v6-m/nofp/crt0.o
LOAD ./Core/Src/MT6835.o
LOAD ./Core/Src/error_blink.o
LOAD ./Core/Src/flash_config.o
LOAD ./Core/Src/flex_encoder.o
LOAD ./Core/Src/main.o
LOAD ./Core/Src/mlx90393.o
LOAD ./Core/Src/mlx90393_mux.o
LOAD ./Core/Src/non_blocking_morse.o
LOAD ./Core/Src/pca9555.o
LOAD ./Core/Src/rgb_led.o
LOAD ./Core/Src/stm32g0xx_hal_msp.o
LOAD ./Core/Src/stm32g0xx_it.o
LOAD ./Core/Src/syscalls.o
LOAD ./Core/Src/sysmem.o
LOAD ./Core/Src/system_stm32g0xx.o
LOAD ./Core/Src/userflash.o
LOAD ./Core/Src/vl53l0x_api.o
LOAD ./Core/Src/vl53l0x_api_calibration.o
LOAD ./Core/Src/vl53l0x_api_core.o
LOAD ./Core/Src/vl53l0x_api_ranging.o
LOAD ./Core/Src/vl53l0x_api_strings.o
LOAD ./Core/Src/vl53l0x_platform.o
LOAD ./Core/Src/vl53l0x_platform_log.o
LOAD ./Core/Startup/startup_stm32g0b1ceux.o
LOAD ./Drivers/STM32G0xx_HAL_Driver/Src/stm32g0xx_hal.o
LOAD ./Drivers/STM32G0xx_HAL_Driver/Src/stm32g0xx_hal_adc.o
LOAD ./Drivers/STM32G0xx_HAL_Driver/Src/stm32g0xx_hal_adc_ex.o
LOAD ./Drivers/STM32G0xx_HAL_Driver/Src/stm32g0xx_hal_cortex.o
LOAD ./Drivers/STM32G0xx_HAL_Driver/Src/stm32g0xx_hal_dma.o
LOAD ./Drivers/STM32G0xx_HAL_Driver/Src/stm32g0xx_hal_dma_ex.o
LOAD ./Drivers/STM32G0xx_HAL_Driver/Src/stm32g0xx_hal_exti.o
LOAD ./Drivers/STM32G0xx_HAL_Driver/Src/stm32g0xx_hal_fdcan.o
LOAD ./Drivers/STM32G0xx_HAL_Driver/Src/stm32g0xx_hal_flash.o
LOAD ./Drivers/STM32G0xx_HAL_Driver/Src/stm32g0xx_hal_flash_ex.o
LOAD ./Drivers/STM32G0xx_HAL_Driver/Src/stm32g0xx_hal_gpio.o
LOAD ./Drivers/STM32G0xx_HAL_Driver/Src/stm32g0xx_hal_i2c.o
LOAD ./Drivers/STM32G0xx_HAL_Driver/Src/stm32g0xx_hal_i2c_ex.o
LOAD ./Drivers/STM32G0xx_HAL_Driver/Src/stm32g0xx_hal_pcd.o
LOAD ./Drivers/STM32G0xx_HAL_Driver/Src/stm32g0xx_hal_pcd_ex.o
LOAD ./Drivers/STM32G0xx_HAL_Driver/Src/stm32g0xx_hal_pwr.o
LOAD ./Drivers/STM32G0xx_HAL_Driver/Src/stm32g0xx_hal_pwr_ex.o
LOAD ./Drivers/STM32G0xx_HAL_Driver/Src/stm32g0xx_hal_rcc.o
LOAD ./Drivers/STM32G0xx_HAL_Driver/Src/stm32g0xx_hal_rcc_ex.o
LOAD ./Drivers/STM32G0xx_HAL_Driver/Src/stm32g0xx_hal_spi.o
LOAD ./Drivers/STM32G0xx_HAL_Driver/Src/stm32g0xx_hal_spi_ex.o
LOAD ./Drivers/STM32G0xx_HAL_Driver/Src/stm32g0xx_hal_tim.o
LOAD ./Drivers/STM32G0xx_HAL_Driver/Src/stm32g0xx_hal_tim_ex.o
LOAD ./Drivers/STM32G0xx_HAL_Driver/Src/stm32g0xx_ll_adc.o
LOAD ./Drivers/STM32G0xx_HAL_Driver/Src/stm32g0xx_ll_rcc.o
LOAD ./Drivers/STM32G0xx_HAL_Driver/Src/stm32g0xx_ll_usb.o
START GROUP
LOAD C:/ST/STM32CubeIDE_1.18.1/STM32CubeIDE/plugins/com.st.stm32cube.ide.mcu.externaltools.gnu-tools-for-stm32.13.3.rel1.win32_1.0.0.202411081344/tools/bin/../lib/gcc/arm-none-eabi/13.3.1/../../../../arm-none-eabi/lib/thumb/v6-m/nofp\libc_nano.a
LOAD C:/ST/STM32CubeIDE_1.18.1/STM32CubeIDE/plugins/com.st.stm32cube.ide.mcu.externaltools.gnu-tools-for-stm32.13.3.rel1.win32_1.0.0.202411081344/tools/bin/../lib/gcc/arm-none-eabi/13.3.1/../../../../arm-none-eabi/lib/thumb/v6-m/nofp\libm.a
END GROUP
START GROUP
LOAD C:/ST/STM32CubeIDE_1.18.1/STM32CubeIDE/plugins/com.st.stm32cube.ide.mcu.externaltools.gnu-tools-for-stm32.13.3.rel1.win32_1.0.0.202411081344/tools/bin/../lib/gcc/arm-none-eabi/13.3.1/thumb/v6-m/nofp\libgcc.a
LOAD C:/ST/STM32CubeIDE_1.18.1/STM32CubeIDE/plugins/com.st.stm32cube.ide.mcu.externaltools.gnu-tools-for-stm32.13.3.rel1.win32_1.0.0.202411081344/tools/bin/../lib/gcc/arm-none-eabi/13.3.1/../../../../arm-none-eabi/lib/thumb/v6-m/nofp\libc_nano.a
END GROUP
START GROUP
LOAD C:/ST/STM32CubeIDE_1.18.1/STM32CubeIDE/plugins/com.st.stm32cube.ide.mcu.externaltools.gnu-tools-for-stm32.13.3.rel1.win32_1.0.0.202411081344/tools/bin/../lib/gcc/arm-none-eabi/13.3.1/thumb/v6-m/nofp\libgcc.a
LOAD C:/ST/STM32CubeIDE_1.18.1/STM32CubeIDE/plugins/com.st.stm32cube.ide.mcu.externaltools.gnu-tools-for-stm32.13.3.rel1.win32_1.0.0.202411081344/tools/bin/../lib/gcc/arm-none-eabi/13.3.1/../../../../arm-none-eabi/lib/thumb/v6-m/nofp\libc_nano.a
LOAD C:/ST/STM32CubeIDE_1.18.1/STM32CubeIDE/plugins/com.st.stm32cube.ide.mcu.externaltools.gnu-tools-for-stm32.13.3.rel1.win32_1.0.0.202411081344/tools/bin/../lib/gcc/arm-none-eabi/13.3.1/../../../../arm-none-eabi/lib/thumb/v6-m/nofp\libnosys.a
END GROUP
START GROUP
LOAD C:/ST/STM32CubeIDE_1.18.1/STM32CubeIDE/plugins/com.st.stm32cube.ide.mcu.externaltools.gnu-tools-for-stm32.13.3.rel1.win32_1.0.0.202411081344/tools/bin/../lib/gcc/arm-none-eabi/13.3.1/thumb/v6-m/nofp\libgcc.a
LOAD C:/ST/STM32CubeIDE_1.18.1/STM32CubeIDE/plugins/com.st.stm32cube.ide.mcu.externaltools.gnu-tools-for-stm32.13.3.rel1.win32_1.0.0.202411081344/tools/bin/../lib/gcc/arm-none-eabi/13.3.1/../../../../arm-none-eabi/lib/thumb/v6-m/nofp\libc_nano.a
LOAD C:/ST/STM32CubeIDE_1.18.1/STM32CubeIDE/plugins/com.st.stm32cube.ide.mcu.externaltools.gnu-tools-for-stm32.13.3.rel1.win32_1.0.0.202411081344/tools/bin/../lib/gcc/arm-none-eabi/13.3.1/../../../../arm-none-eabi/lib/thumb/v6-m/nofp\libnosys.a
END GROUP
LOAD C:/ST/STM32CubeIDE_1.18.1/STM32CubeIDE/plugins/com.st.stm32cube.ide.mcu.externaltools.gnu-tools-for-stm32.13.3.rel1.win32_1.0.0.202411081344/tools/bin/../lib/gcc/arm-none-eabi/13.3.1/thumb/v6-m/nofp/crtend.o
LOAD C:/ST/STM32CubeIDE_1.18.1/STM32CubeIDE/plugins/com.st.stm32cube.ide.mcu.externaltools.gnu-tools-for-stm32.13.3.rel1.win32_1.0.0.202411081344/tools/bin/../lib/gcc/arm-none-eabi/13.3.1/thumb/v6-m/nofp/crtn.o
                0x20024000                        _estack = (ORIGIN (RAM) + LENGTH (RAM))
                0x00000200                        _Min_Heap_Size = 0x200
                0x00000400                        _Min_Stack_Size = 0x400

.isr_vector     0x08000000       0xbc
                0x08000000                        . = ALIGN (0x4)
 *(.isr_vector)
 .isr_vector    0x08000000       0xbc ./Core/Startup/startup_stm32g0b1ceux.o
                0x08000000                g_pfnVectors
                0x080000bc                        . = ALIGN (0x4)

.text           0x080000c0     0xc0d0
                0x080000c0                        . = ALIGN (0x4)
 *(.text)
 .text          0x080000c0       0x48 C:/ST/STM32CubeIDE_1.18.1/STM32CubeIDE/plugins/com.st.stm32cube.ide.mcu.externaltools.gnu-tools-for-stm32.13.3.rel1.win32_1.0.0.202411081344/tools/bin/../lib/gcc/arm-none-eabi/13.3.1/thumb/v6-m/nofp/crtbegin.o
 .text          0x08000108      0x114 C:/ST/STM32CubeIDE_1.18.1/STM32CubeIDE/plugins/com.st.stm32cube.ide.mcu.externaltools.gnu-tools-for-stm32.13.3.rel1.win32_1.0.0.202411081344/tools/bin/../lib/gcc/arm-none-eabi/13.3.1/thumb/v6-m/nofp\libgcc.a(_udivsi3.o)
                0x08000108                __aeabi_uidiv
                0x08000108                __udivsi3
                0x08000214                __aeabi_uidivmod
 .text          0x0800021c      0x1d4 C:/ST/STM32CubeIDE_1.18.1/STM32CubeIDE/plugins/com.st.stm32cube.ide.mcu.externaltools.gnu-tools-for-stm32.13.3.rel1.win32_1.0.0.202411081344/tools/bin/../lib/gcc/arm-none-eabi/13.3.1/thumb/v6-m/nofp\libgcc.a(_divsi3.o)
                0x0800021c                __divsi3
                0x0800021c                __aeabi_idiv
                0x080003e8                __aeabi_idivmod
 .text          0x080003f0        0x4 C:/ST/STM32CubeIDE_1.18.1/STM32CubeIDE/plugins/com.st.stm32cube.ide.mcu.externaltools.gnu-tools-for-stm32.13.3.rel1.win32_1.0.0.202411081344/tools/bin/../lib/gcc/arm-none-eabi/13.3.1/thumb/v6-m/nofp\libgcc.a(_dvmd_tls.o)
                0x080003f0                __aeabi_idiv0
                0x080003f0                __aeabi_ldiv0
 .text          0x080003f4       0x74 C:/ST/STM32CubeIDE_1.18.1/STM32CubeIDE/plugins/com.st.stm32cube.ide.mcu.externaltools.gnu-tools-for-stm32.13.3.rel1.win32_1.0.0.202411081344/tools/bin/../lib/gcc/arm-none-eabi/13.3.1/thumb/v6-m/nofp\libgcc.a(_arm_cmpsf2.o)
                0x080003f4                __aeabi_cfrcmple
                0x080003fc                __aeabi_cfcmpeq
                0x080003fc                __aeabi_cfcmple
                0x0800040c                __aeabi_fcmpeq
                0x08000418                __aeabi_fcmplt
                0x0800042c                __aeabi_fcmple
                0x08000440                __aeabi_fcmpgt
                0x08000454                __aeabi_fcmpge
 .text          0x08000468       0x30 C:/ST/STM32CubeIDE_1.18.1/STM32CubeIDE/plugins/com.st.stm32cube.ide.mcu.externaltools.gnu-tools-for-stm32.13.3.rel1.win32_1.0.0.202411081344/tools/bin/../lib/gcc/arm-none-eabi/13.3.1/thumb/v6-m/nofp\libgcc.a(_fixunssfsi.o)
                0x08000468                __fixunssfsi
                0x08000468                __aeabi_f2uiz
 .text          0x08000498       0x68 C:/ST/STM32CubeIDE_1.18.1/STM32CubeIDE/plugins/com.st.stm32cube.ide.mcu.externaltools.gnu-tools-for-stm32.13.3.rel1.win32_1.0.0.202411081344/tools/bin/../lib/gcc/arm-none-eabi/13.3.1/thumb/v6-m/nofp\libgcc.a(_floatdisf.o)
                0x08000498                __aeabi_l2f
                0x08000498                __floatdisf
 .text          0x08000500      0x3e4 C:/ST/STM32CubeIDE_1.18.1/STM32CubeIDE/plugins/com.st.stm32cube.ide.mcu.externaltools.gnu-tools-for-stm32.13.3.rel1.win32_1.0.0.202411081344/tools/bin/../lib/gcc/arm-none-eabi/13.3.1/thumb/v6-m/nofp\libgcc.a(addsf3.o)
                0x08000500                __aeabi_fadd
 .text          0x080008e4      0x22c C:/ST/STM32CubeIDE_1.18.1/STM32CubeIDE/plugins/com.st.stm32cube.ide.mcu.externaltools.gnu-tools-for-stm32.13.3.rel1.win32_1.0.0.202411081344/tools/bin/../lib/gcc/arm-none-eabi/13.3.1/thumb/v6-m/nofp\libgcc.a(divsf3.o)
                0x080008e4                __aeabi_fdiv
 .text          0x08000b10       0x50 C:/ST/STM32CubeIDE_1.18.1/STM32CubeIDE/plugins/com.st.stm32cube.ide.mcu.externaltools.gnu-tools-for-stm32.13.3.rel1.win32_1.0.0.202411081344/tools/bin/../lib/gcc/arm-none-eabi/13.3.1/thumb/v6-m/nofp\libgcc.a(eqsf2.o)
                0x08000b10                __eqsf2
                0x08000b10                __nesf2
 .text          0x08000b60       0x90 C:/ST/STM32CubeIDE_1.18.1/STM32CubeIDE/plugins/com.st.stm32cube.ide.mcu.externaltools.gnu-tools-for-stm32.13.3.rel1.win32_1.0.0.202411081344/tools/bin/../lib/gcc/arm-none-eabi/13.3.1/thumb/v6-m/nofp\libgcc.a(gesf2.o)
                0x08000b60                __gesf2
                0x08000b60                __gtsf2
 .text          0x08000bf0       0x90 C:/ST/STM32CubeIDE_1.18.1/STM32CubeIDE/plugins/com.st.stm32cube.ide.mcu.externaltools.gnu-tools-for-stm32.13.3.rel1.win32_1.0.0.202411081344/tools/bin/../lib/gcc/arm-none-eabi/13.3.1/thumb/v6-m/nofp\libgcc.a(lesf2.o)
                0x08000bf0                __ltsf2
                0x08000bf0                __lesf2
 .text          0x08000c80      0x2b4 C:/ST/STM32CubeIDE_1.18.1/STM32CubeIDE/plugins/com.st.stm32cube.ide.mcu.externaltools.gnu-tools-for-stm32.13.3.rel1.win32_1.0.0.202411081344/tools/bin/../lib/gcc/arm-none-eabi/13.3.1/thumb/v6-m/nofp\libgcc.a(mulsf3.o)
                0x08000c80                __aeabi_fmul
 .text          0x08000f34      0x4c8 C:/ST/STM32CubeIDE_1.18.1/STM32CubeIDE/plugins/com.st.stm32cube.ide.mcu.externaltools.gnu-tools-for-stm32.13.3.rel1.win32_1.0.0.202411081344/tools/bin/../lib/gcc/arm-none-eabi/13.3.1/thumb/v6-m/nofp\libgcc.a(subsf3.o)
                0x08000f34                __aeabi_fsub
 .text          0x080013fc       0x40 C:/ST/STM32CubeIDE_1.18.1/STM32CubeIDE/plugins/com.st.stm32cube.ide.mcu.externaltools.gnu-tools-for-stm32.13.3.rel1.win32_1.0.0.202411081344/tools/bin/../lib/gcc/arm-none-eabi/13.3.1/thumb/v6-m/nofp\libgcc.a(fixsfsi.o)
                0x080013fc                __aeabi_f2iz
 .text          0x0800143c       0xa0 C:/ST/STM32CubeIDE_1.18.1/STM32CubeIDE/plugins/com.st.stm32cube.ide.mcu.externaltools.gnu-tools-for-stm32.13.3.rel1.win32_1.0.0.202411081344/tools/bin/../lib/gcc/arm-none-eabi/13.3.1/thumb/v6-m/nofp\libgcc.a(floatsisf.o)
                0x0800143c                __aeabi_i2f
 .text          0x080014dc       0x8c C:/ST/STM32CubeIDE_1.18.1/STM32CubeIDE/plugins/com.st.stm32cube.ide.mcu.externaltools.gnu-tools-for-stm32.13.3.rel1.win32_1.0.0.202411081344/tools/bin/../lib/gcc/arm-none-eabi/13.3.1/thumb/v6-m/nofp\libgcc.a(floatunsisf.o)
                0x080014dc                __aeabi_ui2f
 .text          0x08001568      0x78c C:/ST/STM32CubeIDE_1.18.1/STM32CubeIDE/plugins/com.st.stm32cube.ide.mcu.externaltools.gnu-tools-for-stm32.13.3.rel1.win32_1.0.0.202411081344/tools/bin/../lib/gcc/arm-none-eabi/13.3.1/thumb/v6-m/nofp\libgcc.a(adddf3.o)
                0x08001568                __aeabi_dadd
 .text          0x08001cf4      0x630 C:/ST/STM32CubeIDE_1.18.1/STM32CubeIDE/plugins/com.st.stm32cube.ide.mcu.externaltools.gnu-tools-for-stm32.13.3.rel1.win32_1.0.0.202411081344/tools/bin/../lib/gcc/arm-none-eabi/13.3.1/thumb/v6-m/nofp\libgcc.a(divdf3.o)
                0x08001cf4                __aeabi_ddiv
 .text          0x08002324      0x5cc C:/ST/STM32CubeIDE_1.18.1/STM32CubeIDE/plugins/com.st.stm32cube.ide.mcu.externaltools.gnu-tools-for-stm32.13.3.rel1.win32_1.0.0.202411081344/tools/bin/../lib/gcc/arm-none-eabi/13.3.1/thumb/v6-m/nofp\libgcc.a(muldf3.o)
                0x08002324                __aeabi_dmul
 .text          0x080028f0      0x814 C:/ST/STM32CubeIDE_1.18.1/STM32CubeIDE/plugins/com.st.stm32cube.ide.mcu.externaltools.gnu-tools-for-stm32.13.3.rel1.win32_1.0.0.202411081344/tools/bin/../lib/gcc/arm-none-eabi/13.3.1/thumb/v6-m/nofp\libgcc.a(subdf3.o)
                0x080028f0                __aeabi_dsub
 .text          0x08003104       0x78 C:/ST/STM32CubeIDE_1.18.1/STM32CubeIDE/plugins/com.st.stm32cube.ide.mcu.externaltools.gnu-tools-for-stm32.13.3.rel1.win32_1.0.0.202411081344/tools/bin/../lib/gcc/arm-none-eabi/13.3.1/thumb/v6-m/nofp\libgcc.a(fixdfsi.o)
                0x08003104                __aeabi_d2iz
 .text          0x0800317c       0x5c C:/ST/STM32CubeIDE_1.18.1/STM32CubeIDE/plugins/com.st.stm32cube.ide.mcu.externaltools.gnu-tools-for-stm32.13.3.rel1.win32_1.0.0.202411081344/tools/bin/../lib/gcc/arm-none-eabi/13.3.1/thumb/v6-m/nofp\libgcc.a(floatsidf.o)
                0x0800317c                __aeabi_i2d
 .text          0x080031d8       0x48 C:/ST/STM32CubeIDE_1.18.1/STM32CubeIDE/plugins/com.st.stm32cube.ide.mcu.externaltools.gnu-tools-for-stm32.13.3.rel1.win32_1.0.0.202411081344/tools/bin/../lib/gcc/arm-none-eabi/13.3.1/thumb/v6-m/nofp\libgcc.a(floatunsidf.o)
                0x080031d8                __aeabi_ui2d
 .text          0x08003220       0x90 C:/ST/STM32CubeIDE_1.18.1/STM32CubeIDE/plugins/com.st.stm32cube.ide.mcu.externaltools.gnu-tools-for-stm32.13.3.rel1.win32_1.0.0.202411081344/tools/bin/../lib/gcc/arm-none-eabi/13.3.1/thumb/v6-m/nofp\libgcc.a(extendsfdf2.o)
                0x08003220                __aeabi_f2d
 .text          0x080032b0      0x104 C:/ST/STM32CubeIDE_1.18.1/STM32CubeIDE/plugins/com.st.stm32cube.ide.mcu.externaltools.gnu-tools-for-stm32.13.3.rel1.win32_1.0.0.202411081344/tools/bin/../lib/gcc/arm-none-eabi/13.3.1/thumb/v6-m/nofp\libgcc.a(truncdfsf2.o)
                0x080032b0                __aeabi_d2f
 .text          0x080033b4       0x3c C:/ST/STM32CubeIDE_1.18.1/STM32CubeIDE/plugins/com.st.stm32cube.ide.mcu.externaltools.gnu-tools-for-stm32.13.3.rel1.win32_1.0.0.202411081344/tools/bin/../lib/gcc/arm-none-eabi/13.3.1/thumb/v6-m/nofp\libgcc.a(_clzsi2.o)
                0x080033b4                __clzsi2
 *(.text*)
 .text.calculate_crc_smbus
                0x080033f0       0xd0 ./Core/Src/MT6835.o
                0x080033f0                calculate_crc_smbus
 .text.mt6835_update_counts
                0x080034c0      0x19c ./Core/Src/MT6835.o
                0x080034c0                mt6835_update_counts
 .text.get_counts_single_turn
                0x0800365c       0x14 ./Core/Src/MT6835.o
                0x0800365c                get_counts_single_turn
 .text.get_rotation_overspeed_warning
                0x08003670       0x14 ./Core/Src/MT6835.o
                0x08003670                get_rotation_overspeed_warning
 .text.get_weak_magnetic_field_warning
                0x08003684       0x14 ./Core/Src/MT6835.o
                0x08003684                get_weak_magnetic_field_warning
 .text.get_under_voltage_warning
                0x08003698       0x14 ./Core/Src/MT6835.o
                0x08003698                get_under_voltage_warning
 .text.get_counts_multi_turn
                0x080036ac       0x18 ./Core/Src/MT6835.o
                0x080036ac                get_counts_multi_turn
 .text.reset_counts
                0x080036c4       0x24 ./Core/Src/MT6835.o
                0x080036c4                reset_counts
 .text.set_counts
                0x080036e8       0x2c ./Core/Src/MT6835.o
                0x080036e8                set_counts
 .text.set_encoder_direction
                0x08003714       0x24 ./Core/Src/MT6835.o
                0x08003714                set_encoder_direction
 .text.handle_error_blink
                0x08003738       0x50 ./Core/Src/error_blink.o
                0x08003738                handle_error_blink
 .text.flash_crc32
                0x08003788       0x70 ./Core/Src/flash_config.o
                0x08003788                flash_crc32
 .text.init_user_config_defaults
                0x080037f8      0x404 ./Core/Src/flash_config.o
 .text.init_critical_data_defaults
                0x08003bfc       0x9c ./Core/Src/flash_config.o
 .text.load_config_from_flash
                0x08003c98       0xec ./Core/Src/flash_config.o
 .text.erase_user_config_pages
                0x08003d84       0x52 ./Core/Src/flash_config.o
 .text.erase_critical_data_pages
                0x08003dd6       0x52 ./Core/Src/flash_config.o
 .text.save_user_config_to_flash
                0x08003e28      0x10c ./Core/Src/flash_config.o
 .text.save_critical_data_to_flash
                0x08003f34       0xac ./Core/Src/flash_config.o
 .text.flash_config_init
                0x08003fe0       0x10 ./Core/Src/flash_config.o
                0x08003fe0                flash_config_init
 .text.flash_get_device_id
                0x08003ff0       0x24 ./Core/Src/flash_config.o
                0x08003ff0                flash_get_device_id
 .text.flash_set_device_id
                0x08004014       0x48 ./Core/Src/flash_config.o
                0x08004014                flash_set_device_id
 .text.flash_set_encoder_direction
                0x0800405c       0x54 ./Core/Src/flash_config.o
                0x0800405c                flash_set_encoder_direction
 .text.flash_set_position_offset
                0x080040b0       0xf8 ./Core/Src/flash_config.o
                0x080040b0                flash_set_position_offset
 .text.flash_get_velocity_alpha
                0x080041a8       0x2c ./Core/Src/flash_config.o
                0x080041a8                flash_get_velocity_alpha
 .text.flash_set_velocity_alpha
                0x080041d4       0x98 ./Core/Src/flash_config.o
                0x080041d4                flash_set_velocity_alpha
 .text.flash_get_accel_alpha
                0x0800426c       0x2c ./Core/Src/flash_config.o
                0x0800426c                flash_get_accel_alpha
 .text.flash_set_accel_alpha
                0x08004298       0x98 ./Core/Src/flash_config.o
                0x08004298                flash_set_accel_alpha
 .text.flash_increment_boot_count
                0x08004330       0x94 ./Core/Src/flash_config.o
                0x08004330                flash_increment_boot_count
 .text.flash_set_reset_sticky_flag
                0x080043c4       0x40 ./Core/Src/flash_config.o
                0x080043c4                flash_set_reset_sticky_flag
 .text.flash_factory_reset
                0x08004404       0x94 ./Core/Src/flash_config.o
                0x08004404                flash_factory_reset
 .text.__NVIC_SystemReset
                0x08004498       0x24 ./Core/Src/main.o
 .text.get_tx_identifier
                0x080044bc       0x22 ./Core/Src/main.o
                0x080044bc                get_tx_identifier
 *fill*         0x080044de        0x2 
 .text.HAL_FDCAN_RxFifo0Callback
                0x080044e0      0x578 ./Core/Src/main.o
                0x080044e0                HAL_FDCAN_RxFifo0Callback
 .text.main     0x08004a58      0xa40 ./Core/Src/main.o
                0x08004a58                main
 .text.SystemClock_Config
                0x08005498       0xb8 ./Core/Src/main.o
                0x08005498                SystemClock_Config
 .text.MX_ADC1_Init
                0x08005550       0xcc ./Core/Src/main.o
 .text.MX_FDCAN1_Init
                0x0800561c      0x12c ./Core/Src/main.o
 .text.MX_I2C1_Init
                0x08005748       0x80 ./Core/Src/main.o
 .text.MX_SPI1_Init
                0x080057c8       0x7c ./Core/Src/main.o
 .text.MX_SPI2_Init
                0x08005844       0x7c ./Core/Src/main.o
 .text.MX_TIM2_Init
                0x080058c0       0xc0 ./Core/Src/main.o
 .text.MX_TIM3_Init
                0x08005980      0x100 ./Core/Src/main.o
 .text.MX_TIM4_Init
                0x08005a80      0x100 ./Core/Src/main.o
 .text.MX_USB_DRD_FS_PCD_Init
                0x08005b80       0x6c ./Core/Src/main.o
 .text.MX_GPIO_Init
                0x08005bec       0xdc ./Core/Src/main.o
 .text.txHeaderConfigure
                0x08005cc8       0x42 ./Core/Src/main.o
                0x08005cc8                txHeaderConfigure
 .text.txHeaderConfigureBooleanStatus
                0x08005d0a       0x42 ./Core/Src/main.o
                0x08005d0a                txHeaderConfigureBooleanStatus
 .text.Error_Handler
                0x08005d4c       0x50 ./Core/Src/main.o
                0x08005d4c                Error_Handler
 .text.is_delay_elapsed
                0x08005d9c       0x2a ./Core/Src/non_blocking_morse.o
 *fill*         0x08005dc6        0x2 
 .text.blink_led_morse_init
                0x08005dc8       0x34 ./Core/Src/non_blocking_morse.o
                0x08005dc8                blink_led_morse_init
 .text.blink_led_morse_process
                0x08005dfc      0x1a4 ./Core/Src/non_blocking_morse.o
                0x08005dfc                blink_led_morse_process
 .text.get_morse_code
                0x08005fa0       0x60 ./Core/Src/non_blocking_morse.o
                0x08005fa0                get_morse_code
 .text.hue_to_rgb
                0x08006000      0x260 ./Core/Src/rgb_led.o
                0x08006000                hue_to_rgb
 .text.set_led_rgb
                0x08006260       0xac ./Core/Src/rgb_led.o
                0x08006260                set_led_rgb
 .text.set_led_hue
                0x0800630c       0x90 ./Core/Src/rgb_led.o
                0x0800630c                set_led_hue
 .text.HAL_MspInit
                0x0800639c       0x50 ./Core/Src/stm32g0xx_hal_msp.o
                0x0800639c                HAL_MspInit
 .text.HAL_ADC_MspInit
                0x080063ec       0x88 ./Core/Src/stm32g0xx_hal_msp.o
                0x080063ec                HAL_ADC_MspInit
 .text.HAL_FDCAN_MspInit
                0x08006474       0xd4 ./Core/Src/stm32g0xx_hal_msp.o
                0x08006474                HAL_FDCAN_MspInit
 .text.HAL_I2C_MspInit
                0x08006548       0xc4 ./Core/Src/stm32g0xx_hal_msp.o
                0x08006548                HAL_I2C_MspInit
 .text.HAL_SPI_MspInit
                0x0800660c      0x10c ./Core/Src/stm32g0xx_hal_msp.o
                0x0800660c                HAL_SPI_MspInit
 .text.HAL_TIM_PWM_MspInit
                0x08006718       0x38 ./Core/Src/stm32g0xx_hal_msp.o
                0x08006718                HAL_TIM_PWM_MspInit
 .text.HAL_TIM_Base_MspInit
                0x08006750       0x64 ./Core/Src/stm32g0xx_hal_msp.o
                0x08006750                HAL_TIM_Base_MspInit
 .text.HAL_TIM_MspPostInit
                0x080067b4      0x124 ./Core/Src/stm32g0xx_hal_msp.o
                0x080067b4                HAL_TIM_MspPostInit
 .text.HAL_PCD_MspInit
                0x080068d8       0xb0 ./Core/Src/stm32g0xx_hal_msp.o
                0x080068d8                HAL_PCD_MspInit
 .text.NMI_Handler
                0x08006988        0x8 ./Core/Src/stm32g0xx_it.o
                0x08006988                NMI_Handler
 .text.HardFault_Handler
                0x08006990        0x8 ./Core/Src/stm32g0xx_it.o
                0x08006990                HardFault_Handler
 .text.SVC_Handler
                0x08006998        0xa ./Core/Src/stm32g0xx_it.o
                0x08006998                SVC_Handler
 .text.PendSV_Handler
                0x080069a2        0xa ./Core/Src/stm32g0xx_it.o
                0x080069a2                PendSV_Handler
 .text.SysTick_Handler
                0x080069ac        0xe ./Core/Src/stm32g0xx_it.o
                0x080069ac                SysTick_Handler
 *fill*         0x080069ba        0x2 
 .text.TIM16_FDCAN_IT0_IRQHandler
                0x080069bc       0x18 ./Core/Src/stm32g0xx_it.o
                0x080069bc                TIM16_FDCAN_IT0_IRQHandler
 .text.SystemInit
                0x080069d4        0xa ./Core/Src/system_stm32g0xx.o
                0x080069d4                SystemInit
 *fill*         0x080069de        0x2 
 .text.Reset_Handler
                0x080069e0       0x50 ./Core/Startup/startup_stm32g0b1ceux.o
                0x080069e0                Reset_Handler
 .text.Default_Handler
                0x08006a30        0x2 ./Core/Startup/startup_stm32g0b1ceux.o
                0x08006a30                I2C2_3_IRQHandler
                0x08006a30                USART3_4_5_6_LPUART1_IRQHandler
                0x08006a30                TIM1_CC_IRQHandler
                0x08006a30                ADC1_COMP_IRQHandler
                0x08006a30                I2C1_IRQHandler
                0x08006a30                TIM7_LPTIM2_IRQHandler
                0x08006a30                TIM17_FDCAN_IT1_IRQHandler
                0x08006a30                DMA1_Ch4_7_DMA2_Ch1_5_DMAMUX1_OVR_IRQHandler
                0x08006a30                RCC_CRS_IRQHandler
                0x08006a30                RTC_TAMP_IRQHandler
                0x08006a30                SPI1_IRQHandler
                0x08006a30                USB_UCPD1_2_IRQHandler
                0x08006a30                EXTI2_3_IRQHandler
                0x08006a30                USART2_LPUART2_IRQHandler
                0x08006a30                PVD_VDDIO2_IRQHandler
                0x08006a30                EXTI4_15_IRQHandler
                0x08006a30                DMA1_Channel1_IRQHandler
                0x08006a30                Default_Handler
                0x08006a30                CEC_IRQHandler
                0x08006a30                TIM14_IRQHandler
                0x08006a30                TIM15_IRQHandler
                0x08006a30                TIM3_TIM4_IRQHandler
                0x08006a30                EXTI0_1_IRQHandler
                0x08006a30                SPI2_3_IRQHandler
                0x08006a30                TIM6_DAC_LPTIM1_IRQHandler
                0x08006a30                WWDG_IRQHandler
                0x08006a30                TIM2_IRQHandler
                0x08006a30                DMA1_Channel2_3_IRQHandler
                0x08006a30                FLASH_IRQHandler
                0x08006a30                USART1_IRQHandler
                0x08006a30                TIM1_BRK_UP_TRG_COM_IRQHandler
 *fill*         0x08006a32        0x2 
 .text.HAL_Init
                0x08006a34       0x40 ./Drivers/STM32G0xx_HAL_Driver/Src/stm32g0xx_hal.o
                0x08006a34                HAL_Init
 .text.HAL_InitTick
                0x08006a74       0x94 ./Drivers/STM32G0xx_HAL_Driver/Src/stm32g0xx_hal.o
                0x08006a74                HAL_InitTick
 .text.HAL_IncTick
                0x08006b08       0x24 ./Drivers/STM32G0xx_HAL_Driver/Src/stm32g0xx_hal.o
                0x08006b08                HAL_IncTick
 .text.HAL_GetTick
                0x08006b2c       0x14 ./Drivers/STM32G0xx_HAL_Driver/Src/stm32g0xx_hal.o
                0x08006b2c                HAL_GetTick
 .text.HAL_Delay
                0x08006b40       0x48 ./Drivers/STM32G0xx_HAL_Driver/Src/stm32g0xx_hal.o
                0x08006b40                HAL_Delay
 .text.HAL_GetUIDw0
                0x08006b88       0x14 ./Drivers/STM32G0xx_HAL_Driver/Src/stm32g0xx_hal.o
                0x08006b88                HAL_GetUIDw0
 .text.HAL_GetUIDw1
                0x08006b9c       0x14 ./Drivers/STM32G0xx_HAL_Driver/Src/stm32g0xx_hal.o
                0x08006b9c                HAL_GetUIDw1
 .text.HAL_GetUIDw2
                0x08006bb0       0x14 ./Drivers/STM32G0xx_HAL_Driver/Src/stm32g0xx_hal.o
                0x08006bb0                HAL_GetUIDw2
 .text.HAL_SYSCFG_StrobeDBattpinsConfig
                0x08006bc4       0x2c ./Drivers/STM32G0xx_HAL_Driver/Src/stm32g0xx_hal.o
                0x08006bc4                HAL_SYSCFG_StrobeDBattpinsConfig
 .text.LL_ADC_SetCommonPathInternalCh
                0x08006bf0       0x28 ./Drivers/STM32G0xx_HAL_Driver/Src/stm32g0xx_hal_adc.o
 .text.LL_ADC_GetCommonPathInternalCh
                0x08006c18       0x1a ./Drivers/STM32G0xx_HAL_Driver/Src/stm32g0xx_hal_adc.o
 .text.LL_ADC_SetSamplingTimeCommonChannels
                0x08006c32       0x3a ./Drivers/STM32G0xx_HAL_Driver/Src/stm32g0xx_hal_adc.o
 .text.LL_ADC_GetSamplingTimeCommonChannels
                0x08006c6c       0x2e ./Drivers/STM32G0xx_HAL_Driver/Src/stm32g0xx_hal_adc.o
 .text.LL_ADC_REG_IsTriggerSourceSWStart
                0x08006c9a       0x22 ./Drivers/STM32G0xx_HAL_Driver/Src/stm32g0xx_hal_adc.o
 .text.LL_ADC_REG_SetSequencerRanks
                0x08006cbc       0x40 ./Drivers/STM32G0xx_HAL_Driver/Src/stm32g0xx_hal_adc.o
 .text.LL_ADC_REG_SetSequencerChAdd
                0x08006cfc       0x22 ./Drivers/STM32G0xx_HAL_Driver/Src/stm32g0xx_hal_adc.o
 .text.LL_ADC_REG_SetSequencerChRem
                0x08006d1e       0x24 ./Drivers/STM32G0xx_HAL_Driver/Src/stm32g0xx_hal_adc.o
 *fill*         0x08006d42        0x2 
 .text.LL_ADC_SetChannelSamplingTime
                0x08006d44       0x38 ./Drivers/STM32G0xx_HAL_Driver/Src/stm32g0xx_hal_adc.o
 .text.LL_ADC_EnableInternalRegulator
                0x08006d7c       0x28 ./Drivers/STM32G0xx_HAL_Driver/Src/stm32g0xx_hal_adc.o
 .text.LL_ADC_IsInternalRegulatorEnabled
                0x08006da4       0x28 ./Drivers/STM32G0xx_HAL_Driver/Src/stm32g0xx_hal_adc.o
 .text.LL_ADC_Enable
                0x08006dcc       0x24 ./Drivers/STM32G0xx_HAL_Driver/Src/stm32g0xx_hal_adc.o
 .text.LL_ADC_IsEnabled
                0x08006df0       0x22 ./Drivers/STM32G0xx_HAL_Driver/Src/stm32g0xx_hal_adc.o
 *fill*         0x08006e12        0x2 
 .text.LL_ADC_REG_StartConversion
                0x08006e14       0x24 ./Drivers/STM32G0xx_HAL_Driver/Src/stm32g0xx_hal_adc.o
 .text.LL_ADC_REG_IsConversionOngoing
                0x08006e38       0x22 ./Drivers/STM32G0xx_HAL_Driver/Src/stm32g0xx_hal_adc.o
 *fill*         0x08006e5a        0x2 
 .text.HAL_ADC_Init
                0x08006e5c      0x350 ./Drivers/STM32G0xx_HAL_Driver/Src/stm32g0xx_hal_adc.o
                0x08006e5c                HAL_ADC_Init
 .text.HAL_ADC_Start
                0x080071ac       0x9c ./Drivers/STM32G0xx_HAL_Driver/Src/stm32g0xx_hal_adc.o
                0x080071ac                HAL_ADC_Start
 .text.HAL_ADC_PollForConversion
                0x08007248      0x128 ./Drivers/STM32G0xx_HAL_Driver/Src/stm32g0xx_hal_adc.o
                0x08007248                HAL_ADC_PollForConversion
 .text.HAL_ADC_GetValue
                0x08007370       0x16 ./Drivers/STM32G0xx_HAL_Driver/Src/stm32g0xx_hal_adc.o
                0x08007370                HAL_ADC_GetValue
 *fill*         0x08007386        0x2 
 .text.HAL_ADC_ConfigChannel
                0x08007388      0x3b0 ./Drivers/STM32G0xx_HAL_Driver/Src/stm32g0xx_hal_adc.o
                0x08007388                HAL_ADC_ConfigChannel
 .text.ADC_Enable
                0x08007738      0x10c ./Drivers/STM32G0xx_HAL_Driver/Src/stm32g0xx_hal_adc.o
                0x08007738                ADC_Enable
 .text.__NVIC_EnableIRQ
                0x08007844       0x34 ./Drivers/STM32G0xx_HAL_Driver/Src/stm32g0xx_hal_cortex.o
 .text.__NVIC_SetPriority
                0x08007878       0xdc ./Drivers/STM32G0xx_HAL_Driver/Src/stm32g0xx_hal_cortex.o
 .text.SysTick_Config
                0x08007954       0x48 ./Drivers/STM32G0xx_HAL_Driver/Src/stm32g0xx_hal_cortex.o
 .text.HAL_NVIC_SetPriority
                0x0800799c       0x2a ./Drivers/STM32G0xx_HAL_Driver/Src/stm32g0xx_hal_cortex.o
                0x0800799c                HAL_NVIC_SetPriority
 .text.HAL_NVIC_EnableIRQ
                0x080079c6       0x20 ./Drivers/STM32G0xx_HAL_Driver/Src/stm32g0xx_hal_cortex.o
                0x080079c6                HAL_NVIC_EnableIRQ
 .text.HAL_SYSTICK_Config
                0x080079e6       0x1a ./Drivers/STM32G0xx_HAL_Driver/Src/stm32g0xx_hal_cortex.o
                0x080079e6                HAL_SYSTICK_Config
 .text.HAL_FDCAN_Init
                0x08007a00      0x2cc ./Drivers/STM32G0xx_HAL_Driver/Src/stm32g0xx_hal_fdcan.o
                0x08007a00                HAL_FDCAN_Init
 .text.HAL_FDCAN_ConfigFilter
                0x08007ccc       0xba ./Drivers/STM32G0xx_HAL_Driver/Src/stm32g0xx_hal_fdcan.o
                0x08007ccc                HAL_FDCAN_ConfigFilter
 .text.HAL_FDCAN_ConfigGlobalFilter
                0x08007d86       0x60 ./Drivers/STM32G0xx_HAL_Driver/Src/stm32g0xx_hal_fdcan.o
                0x08007d86                HAL_FDCAN_ConfigGlobalFilter
 .text.HAL_FDCAN_Start
                0x08007de6       0x4c ./Drivers/STM32G0xx_HAL_Driver/Src/stm32g0xx_hal_fdcan.o
                0x08007de6                HAL_FDCAN_Start
 .text.HAL_FDCAN_AddMessageToTxFifoQ
                0x08007e32       0x8a ./Drivers/STM32G0xx_HAL_Driver/Src/stm32g0xx_hal_fdcan.o
                0x08007e32                HAL_FDCAN_AddMessageToTxFifoQ
 .text.HAL_FDCAN_GetRxMessage
                0x08007ebc      0x22c ./Drivers/STM32G0xx_HAL_Driver/Src/stm32g0xx_hal_fdcan.o
                0x08007ebc                HAL_FDCAN_GetRxMessage
 .text.HAL_FDCAN_ActivateNotification
                0x080080e8      0x1ac ./Drivers/STM32G0xx_HAL_Driver/Src/stm32g0xx_hal_fdcan.o
                0x080080e8                HAL_FDCAN_ActivateNotification
 .text.HAL_FDCAN_IRQHandler
                0x08008294      0x28e ./Drivers/STM32G0xx_HAL_Driver/Src/stm32g0xx_hal_fdcan.o
                0x08008294                HAL_FDCAN_IRQHandler
 .text.HAL_FDCAN_TxEventFifoCallback
                0x08008522       0x12 ./Drivers/STM32G0xx_HAL_Driver/Src/stm32g0xx_hal_fdcan.o
                0x08008522                HAL_FDCAN_TxEventFifoCallback
 .text.HAL_FDCAN_RxFifo1Callback
                0x08008534       0x12 ./Drivers/STM32G0xx_HAL_Driver/Src/stm32g0xx_hal_fdcan.o
                0x08008534                HAL_FDCAN_RxFifo1Callback
 .text.HAL_FDCAN_TxFifoEmptyCallback
                0x08008546       0x10 ./Drivers/STM32G0xx_HAL_Driver/Src/stm32g0xx_hal_fdcan.o
                0x08008546                HAL_FDCAN_TxFifoEmptyCallback
 .text.HAL_FDCAN_TxBufferCompleteCallback
                0x08008556       0x12 ./Drivers/STM32G0xx_HAL_Driver/Src/stm32g0xx_hal_fdcan.o
                0x08008556                HAL_FDCAN_TxBufferCompleteCallback
 .text.HAL_FDCAN_TxBufferAbortCallback
                0x08008568       0x12 ./Drivers/STM32G0xx_HAL_Driver/Src/stm32g0xx_hal_fdcan.o
                0x08008568                HAL_FDCAN_TxBufferAbortCallback
 .text.HAL_FDCAN_TimestampWraparoundCallback
                0x0800857a       0x10 ./Drivers/STM32G0xx_HAL_Driver/Src/stm32g0xx_hal_fdcan.o
                0x0800857a                HAL_FDCAN_TimestampWraparoundCallback
 .text.HAL_FDCAN_TimeoutOccurredCallback
                0x0800858a       0x10 ./Drivers/STM32G0xx_HAL_Driver/Src/stm32g0xx_hal_fdcan.o
                0x0800858a                HAL_FDCAN_TimeoutOccurredCallback
 .text.HAL_FDCAN_HighPriorityMessageCallback
                0x0800859a       0x10 ./Drivers/STM32G0xx_HAL_Driver/Src/stm32g0xx_hal_fdcan.o
                0x0800859a                HAL_FDCAN_HighPriorityMessageCallback
 .text.HAL_FDCAN_ErrorCallback
                0x080085aa       0x10 ./Drivers/STM32G0xx_HAL_Driver/Src/stm32g0xx_hal_fdcan.o
                0x080085aa                HAL_FDCAN_ErrorCallback
 .text.HAL_FDCAN_ErrorStatusCallback
                0x080085ba       0x12 ./Drivers/STM32G0xx_HAL_Driver/Src/stm32g0xx_hal_fdcan.o
                0x080085ba                HAL_FDCAN_ErrorStatusCallback
 .text.FDCAN_CalcultateRamBlockAddresses
                0x080085cc       0xd8 ./Drivers/STM32G0xx_HAL_Driver/Src/stm32g0xx_hal_fdcan.o
 .text.FDCAN_CopyMessageToRAM
                0x080086a4       0xf8 ./Drivers/STM32G0xx_HAL_Driver/Src/stm32g0xx_hal_fdcan.o
 .text.HAL_FLASH_Program
                0x0800879c       0x9c ./Drivers/STM32G0xx_HAL_Driver/Src/stm32g0xx_hal_flash.o
                0x0800879c                HAL_FLASH_Program
 .text.HAL_FLASH_Unlock
                0x08008838       0x48 ./Drivers/STM32G0xx_HAL_Driver/Src/stm32g0xx_hal_flash.o
                0x08008838                HAL_FLASH_Unlock
 .text.HAL_FLASH_Lock
                0x08008880       0x44 ./Drivers/STM32G0xx_HAL_Driver/Src/stm32g0xx_hal_flash.o
                0x08008880                HAL_FLASH_Lock
 .text.FLASH_WaitForLastOperation
                0x080088c4       0x9c ./Drivers/STM32G0xx_HAL_Driver/Src/stm32g0xx_hal_flash.o
                0x080088c4                FLASH_WaitForLastOperation
 .text.FLASH_Program_DoubleWord
                0x08008960       0x40 ./Drivers/STM32G0xx_HAL_Driver/Src/stm32g0xx_hal_flash.o
 .text.HAL_FLASHEx_Erase
                0x080089a0       0xe0 ./Drivers/STM32G0xx_HAL_Driver/Src/stm32g0xx_hal_flash_ex.o
                0x080089a0                HAL_FLASHEx_Erase
 .text.FLASH_MassErase
                0x08008a80       0x28 ./Drivers/STM32G0xx_HAL_Driver/Src/stm32g0xx_hal_flash_ex.o
 .text.FLASH_PageErase
                0x08008aa8       0x58 ./Drivers/STM32G0xx_HAL_Driver/Src/stm32g0xx_hal_flash_ex.o
                0x08008aa8                FLASH_PageErase
 .text.HAL_GPIO_Init
                0x08008b00      0x2d8 ./Drivers/STM32G0xx_HAL_Driver/Src/stm32g0xx_hal_gpio.o
                0x08008b00                HAL_GPIO_Init
 .text.HAL_GPIO_ReadPin
                0x08008dd8       0x3a ./Drivers/STM32G0xx_HAL_Driver/Src/stm32g0xx_hal_gpio.o
                0x08008dd8                HAL_GPIO_ReadPin
 .text.HAL_GPIO_WritePin
                0x08008e12       0x3a ./Drivers/STM32G0xx_HAL_Driver/Src/stm32g0xx_hal_gpio.o
                0x08008e12                HAL_GPIO_WritePin
 .text.HAL_I2C_Init
                0x08008e4c      0x14c ./Drivers/STM32G0xx_HAL_Driver/Src/stm32g0xx_hal_i2c.o
                0x08008e4c                HAL_I2C_Init
 .text.HAL_I2CEx_ConfigAnalogFilter
                0x08008f98       0x98 ./Drivers/STM32G0xx_HAL_Driver/Src/stm32g0xx_hal_i2c_ex.o
                0x08008f98                HAL_I2CEx_ConfigAnalogFilter
 .text.HAL_I2CEx_ConfigDigitalFilter
                0x08009030       0x98 ./Drivers/STM32G0xx_HAL_Driver/Src/stm32g0xx_hal_i2c_ex.o
                0x08009030                HAL_I2CEx_ConfigDigitalFilter
 .text.HAL_PCD_Init
                0x080090c8      0x1f4 ./Drivers/STM32G0xx_HAL_Driver/Src/stm32g0xx_hal_pcd.o
                0x080090c8                HAL_PCD_Init
 .text.HAL_PCDEx_ActivateLPM
                0x080092bc       0x44 ./Drivers/STM32G0xx_HAL_Driver/Src/stm32g0xx_hal_pcd_ex.o
                0x080092bc                HAL_PCDEx_ActivateLPM
 .text.HAL_PWREx_EnableVddUSB
                0x08009300       0x1c ./Drivers/STM32G0xx_HAL_Driver/Src/stm32g0xx_hal_pwr_ex.o
                0x08009300                HAL_PWREx_EnableVddUSB
 .text.HAL_PWREx_ControlVoltageScaling
                0x0800931c       0x80 ./Drivers/STM32G0xx_HAL_Driver/Src/stm32g0xx_hal_pwr_ex.o
                0x0800931c                HAL_PWREx_ControlVoltageScaling
 .text.HAL_RCC_OscConfig
                0x0800939c      0x6c0 ./Drivers/STM32G0xx_HAL_Driver/Src/stm32g0xx_hal_rcc.o
                0x0800939c                HAL_RCC_OscConfig
 .text.HAL_RCC_ClockConfig
                0x08009a5c      0x210 ./Drivers/STM32G0xx_HAL_Driver/Src/stm32g0xx_hal_rcc.o
                0x08009a5c                HAL_RCC_ClockConfig
 .text.HAL_RCC_GetSysClockFreq
                0x08009c6c      0x100 ./Drivers/STM32G0xx_HAL_Driver/Src/stm32g0xx_hal_rcc.o
                0x08009c6c                HAL_RCC_GetSysClockFreq
 .text.HAL_RCCEx_PeriphCLKConfig
                0x08009d6c      0x478 ./Drivers/STM32G0xx_HAL_Driver/Src/stm32g0xx_hal_rcc_ex.o
                0x08009d6c                HAL_RCCEx_PeriphCLKConfig
 .text.HAL_SPI_Init
                0x0800a1e4      0x170 ./Drivers/STM32G0xx_HAL_Driver/Src/stm32g0xx_hal_spi.o
                0x0800a1e4                HAL_SPI_Init
 .text.HAL_SPI_Transmit
                0x0800a354      0x2be ./Drivers/STM32G0xx_HAL_Driver/Src/stm32g0xx_hal_spi.o
                0x0800a354                HAL_SPI_Transmit
 *fill*         0x0800a612        0x2 
 .text.HAL_SPI_Receive
                0x0800a614      0x2a4 ./Drivers/STM32G0xx_HAL_Driver/Src/stm32g0xx_hal_spi.o
                0x0800a614                HAL_SPI_Receive
 .text.HAL_SPI_TransmitReceive
                0x0800a8b8      0x3c4 ./Drivers/STM32G0xx_HAL_Driver/Src/stm32g0xx_hal_spi.o
                0x0800a8b8                HAL_SPI_TransmitReceive
 .text.SPI_WaitFlagStateUntilTimeout
                0x0800ac7c      0x11c ./Drivers/STM32G0xx_HAL_Driver/Src/stm32g0xx_hal_spi.o
 .text.SPI_WaitFifoStateUntilTimeout
                0x0800ad98      0x144 ./Drivers/STM32G0xx_HAL_Driver/Src/stm32g0xx_hal_spi.o
 .text.SPI_EndRxTransaction
                0x0800aedc       0xbc ./Drivers/STM32G0xx_HAL_Driver/Src/stm32g0xx_hal_spi.o
 .text.SPI_EndRxTxTransaction
                0x0800af98       0x8c ./Drivers/STM32G0xx_HAL_Driver/Src/stm32g0xx_hal_spi.o
 .text.HAL_TIM_Base_Init
                0x0800b024       0xb0 ./Drivers/STM32G0xx_HAL_Driver/Src/stm32g0xx_hal_tim.o
                0x0800b024                HAL_TIM_Base_Init
 .text.HAL_TIM_PWM_Init
                0x0800b0d4       0xb0 ./Drivers/STM32G0xx_HAL_Driver/Src/stm32g0xx_hal_tim.o
                0x0800b0d4                HAL_TIM_PWM_Init
 .text.HAL_TIM_PWM_Start
                0x0800b184      0x1e0 ./Drivers/STM32G0xx_HAL_Driver/Src/stm32g0xx_hal_tim.o
                0x0800b184                HAL_TIM_PWM_Start
 .text.HAL_TIM_PWM_ConfigChannel
                0x0800b364      0x200 ./Drivers/STM32G0xx_HAL_Driver/Src/stm32g0xx_hal_tim.o
                0x0800b364                HAL_TIM_PWM_ConfigChannel
 .text.HAL_TIM_ConfigClockSource
                0x0800b564      0x1ac ./Drivers/STM32G0xx_HAL_Driver/Src/stm32g0xx_hal_tim.o
                0x0800b564                HAL_TIM_ConfigClockSource
 .text.TIM_Base_SetConfig
                0x0800b710      0x130 ./Drivers/STM32G0xx_HAL_Driver/Src/stm32g0xx_hal_tim.o
                0x0800b710                TIM_Base_SetConfig
 .text.TIM_OC1_SetConfig
                0x0800b840      0x114 ./Drivers/STM32G0xx_HAL_Driver/Src/stm32g0xx_hal_tim.o
 .text.TIM_OC2_SetConfig
                0x0800b954      0x108 ./Drivers/STM32G0xx_HAL_Driver/Src/stm32g0xx_hal_tim.o
                0x0800b954                TIM_OC2_SetConfig
 .text.TIM_OC3_SetConfig
                0x0800ba5c      0x110 ./Drivers/STM32G0xx_HAL_Driver/Src/stm32g0xx_hal_tim.o
 .text.TIM_OC4_SetConfig
                0x0800bb6c       0xd4 ./Drivers/STM32G0xx_HAL_Driver/Src/stm32g0xx_hal_tim.o
 .text.TIM_OC5_SetConfig
                0x0800bc40       0xc0 ./Drivers/STM32G0xx_HAL_Driver/Src/stm32g0xx_hal_tim.o
 .text.TIM_OC6_SetConfig
                0x0800bd00       0xc8 ./Drivers/STM32G0xx_HAL_Driver/Src/stm32g0xx_hal_tim.o
 .text.TIM_TI1_ConfigInputStage
                0x0800bdc8       0x5c ./Drivers/STM32G0xx_HAL_Driver/Src/stm32g0xx_hal_tim.o
 .text.TIM_TI2_ConfigInputStage
                0x0800be24       0x64 ./Drivers/STM32G0xx_HAL_Driver/Src/stm32g0xx_hal_tim.o
 .text.TIM_ITRx_SetConfig
                0x0800be88       0x38 ./Drivers/STM32G0xx_HAL_Driver/Src/stm32g0xx_hal_tim.o
 .text.TIM_ETR_SetConfig
                0x0800bec0       0x40 ./Drivers/STM32G0xx_HAL_Driver/Src/stm32g0xx_hal_tim.o
                0x0800bec0                TIM_ETR_SetConfig
 .text.TIM_CCxChannelCmd
                0x0800bf00       0x46 ./Drivers/STM32G0xx_HAL_Driver/Src/stm32g0xx_hal_tim.o
                0x0800bf00                TIM_CCxChannelCmd
 *fill*         0x0800bf46        0x2 
 .text.HAL_TIMEx_MasterConfigSynchronization
                0x0800bf48       0xec ./Drivers/STM32G0xx_HAL_Driver/Src/stm32g0xx_hal_tim_ex.o
                0x0800bf48                HAL_TIMEx_MasterConfigSynchronization
 .text.USB_DisableGlobalInt
                0x0800c034       0x28 ./Drivers/STM32G0xx_HAL_Driver/Src/stm32g0xx_ll_usb.o
                0x0800c034                USB_DisableGlobalInt
 .text.USB_SetCurrentMode
                0x0800c05c       0x4a ./Drivers/STM32G0xx_HAL_Driver/Src/stm32g0xx_ll_usb.o
                0x0800c05c                USB_SetCurrentMode
 .text.USB_DevInit
                0x0800c0a6       0x56 ./Drivers/STM32G0xx_HAL_Driver/Src/stm32g0xx_ll_usb.o
                0x0800c0a6                USB_DevInit
 .text.memset   0x0800c0fc       0x10 C:/ST/STM32CubeIDE_1.18.1/STM32CubeIDE/plugins/com.st.stm32cube.ide.mcu.externaltools.gnu-tools-for-stm32.13.3.rel1.win32_1.0.0.202411081344/tools/bin/../lib/gcc/arm-none-eabi/13.3.1/../../../../arm-none-eabi/lib/thumb/v6-m/nofp\libc_nano.a(libc_a-memset.o)
                0x0800c0fc                memset
 .text.__libc_init_array
                0x0800c10c       0x48 C:/ST/STM32CubeIDE_1.18.1/STM32CubeIDE/plugins/com.st.stm32cube.ide.mcu.externaltools.gnu-tools-for-stm32.13.3.rel1.win32_1.0.0.202411081344/tools/bin/../lib/gcc/arm-none-eabi/13.3.1/../../../../arm-none-eabi/lib/thumb/v6-m/nofp\libc_nano.a(libc_a-init.o)
                0x0800c10c                __libc_init_array
 .text.memcpy   0x0800c154       0x12 C:/ST/STM32CubeIDE_1.18.1/STM32CubeIDE/plugins/com.st.stm32cube.ide.mcu.externaltools.gnu-tools-for-stm32.13.3.rel1.win32_1.0.0.202411081344/tools/bin/../lib/gcc/arm-none-eabi/13.3.1/../../../../arm-none-eabi/lib/thumb/v6-m/nofp\libc_nano.a(libc_a-memcpy-stub.o)
                0x0800c154                memcpy
 *(.glue_7)
 .glue_7        0x0800c166        0x0 linker stubs
 *(.glue_7t)
 .glue_7t       0x0800c166        0x0 linker stubs
 *(.eh_frame)
 *fill*         0x0800c166        0x2 
 .eh_frame      0x0800c168        0x0 C:/ST/STM32CubeIDE_1.18.1/STM32CubeIDE/plugins/com.st.stm32cube.ide.mcu.externaltools.gnu-tools-for-stm32.13.3.rel1.win32_1.0.0.202411081344/tools/bin/../lib/gcc/arm-none-eabi/13.3.1/thumb/v6-m/nofp/crtbegin.o
 *(.init)
 .init          0x0800c168        0x4 C:/ST/STM32CubeIDE_1.18.1/STM32CubeIDE/plugins/com.st.stm32cube.ide.mcu.externaltools.gnu-tools-for-stm32.13.3.rel1.win32_1.0.0.202411081344/tools/bin/../lib/gcc/arm-none-eabi/13.3.1/thumb/v6-m/nofp/crti.o
                0x0800c168                _init
 .init          0x0800c16c        0x8 C:/ST/STM32CubeIDE_1.18.1/STM32CubeIDE/plugins/com.st.stm32cube.ide.mcu.externaltools.gnu-tools-for-stm32.13.3.rel1.win32_1.0.0.202411081344/tools/bin/../lib/gcc/arm-none-eabi/13.3.1/thumb/v6-m/nofp/crtn.o
 *(.fini)
 .fini          0x0800c174        0x4 C:/ST/STM32CubeIDE_1.18.1/STM32CubeIDE/plugins/com.st.stm32cube.ide.mcu.externaltools.gnu-tools-for-stm32.13.3.rel1.win32_1.0.0.202411081344/tools/bin/../lib/gcc/arm-none-eabi/13.3.1/thumb/v6-m/nofp/crti.o
                0x0800c174                _fini
 .fini          0x0800c178        0x8 C:/ST/STM32CubeIDE_1.18.1/STM32CubeIDE/plugins/com.st.stm32cube.ide.mcu.externaltools.gnu-tools-for-stm32.13.3.rel1.win32_1.0.0.202411081344/tools/bin/../lib/gcc/arm-none-eabi/13.3.1/thumb/v6-m/nofp/crtn.o
 .fini.__stub   0x0800c180       0x10 linker stubs
                0x0800c190                        . = ALIGN (0x4)
                0x0800c190                        _etext = .

.vfp11_veneer   0x0800c190        0x0
 .vfp11_veneer  0x0800c190        0x0 linker stubs

.v4_bx          0x0800c190        0x0
 .v4_bx         0x0800c190        0x0 linker stubs

.iplt           0x0800c190        0x0
 .iplt          0x0800c190        0x0 C:/ST/STM32CubeIDE_1.18.1/STM32CubeIDE/plugins/com.st.stm32cube.ide.mcu.externaltools.gnu-tools-for-stm32.13.3.rel1.win32_1.0.0.202411081344/tools/bin/../lib/gcc/arm-none-eabi/13.3.1/thumb/v6-m/nofp/crtbegin.o

.rodata         0x0800c190      0x3ac
                0x0800c190                        . = ALIGN (0x4)
 *(.rodata)
 .rodata        0x0800c190        0xe ./Core/Src/flash_config.o
 *fill*         0x0800c19e        0x2 
 .rodata        0x0800c1a0       0x1e ./Core/Src/main.o
 *fill*         0x0800c1be        0x2 
 .rodata        0x0800c1c0       0xea ./Core/Src/non_blocking_morse.o
 *fill*         0x0800c2aa        0x2 
 .rodata        0x0800c2ac       0x7c C:/ST/STM32CubeIDE_1.18.1/STM32CubeIDE/plugins/com.st.stm32cube.ide.mcu.externaltools.gnu-tools-for-stm32.13.3.rel1.win32_1.0.0.202411081344/tools/bin/../lib/gcc/arm-none-eabi/13.3.1/thumb/v6-m/nofp\libgcc.a(divsf3.o)
 .rodata        0x0800c328       0x40 C:/ST/STM32CubeIDE_1.18.1/STM32CubeIDE/plugins/com.st.stm32cube.ide.mcu.externaltools.gnu-tools-for-stm32.13.3.rel1.win32_1.0.0.202411081344/tools/bin/../lib/gcc/arm-none-eabi/13.3.1/thumb/v6-m/nofp\libgcc.a(divdf3.o)
 *(.rodata*)
 .rodata.blink_led_morse_process
                0x0800c368       0x14 ./Core/Src/non_blocking_morse.o
 .rodata.hue_to_rgb
                0x0800c37c       0x18 ./Core/Src/rgb_led.o
 .rodata.AHBPrescTable
                0x0800c394       0x40 ./Core/Src/system_stm32g0xx.o
                0x0800c394                AHBPrescTable
 .rodata.DLCtoBytes
                0x0800c3d4       0x10 ./Drivers/STM32G0xx_HAL_Driver/Src/stm32g0xx_hal_fdcan.o
 .rodata.HAL_TIM_PWM_ConfigChannel
                0x0800c3e4       0x54 ./Drivers/STM32G0xx_HAL_Driver/Src/stm32g0xx_hal_tim.o
 .rodata._ctype_
                0x0800c438      0x101 C:/ST/STM32CubeIDE_1.18.1/STM32CubeIDE/plugins/com.st.stm32cube.ide.mcu.externaltools.gnu-tools-for-stm32.13.3.rel1.win32_1.0.0.202411081344/tools/bin/../lib/gcc/arm-none-eabi/13.3.1/../../../../arm-none-eabi/lib/thumb/v6-m/nofp\libc_nano.a(libc_a-ctype_.o)
                0x0800c438                _ctype_
                0x0800c53c                        . = ALIGN (0x4)
 *fill*         0x0800c539        0x3 

.ARM.extab      0x0800c53c        0x0
                0x0800c53c                        . = ALIGN (0x4)
 *(.ARM.extab* .gnu.linkonce.armextab.*)
                0x0800c53c                        . = ALIGN (0x4)

.ARM            0x0800c53c        0x0
                0x0800c53c                        . = ALIGN (0x4)
                0x0800c53c                        __exidx_start = .
 *(.ARM.exidx*)
                0x0800c53c                        __exidx_end = .
                0x0800c53c                        . = ALIGN (0x4)

.preinit_array  0x0800c53c        0x0
                0x0800c53c                        . = ALIGN (0x4)
                0x0800c53c                        PROVIDE (__preinit_array_start = .)
 *(.preinit_array*)
                0x0800c53c                        PROVIDE (__preinit_array_end = .)
                0x0800c53c                        . = ALIGN (0x4)

.init_array     0x0800c53c        0x4
                0x0800c53c                        . = ALIGN (0x4)
                0x0800c53c                        PROVIDE (__init_array_start = .)
 *(SORT_BY_NAME(.init_array.*))
 *(.init_array*)
 .init_array    0x0800c53c        0x4 C:/ST/STM32CubeIDE_1.18.1/STM32CubeIDE/plugins/com.st.stm32cube.ide.mcu.externaltools.gnu-tools-for-stm32.13.3.rel1.win32_1.0.0.202411081344/tools/bin/../lib/gcc/arm-none-eabi/13.3.1/thumb/v6-m/nofp/crtbegin.o
                0x0800c540                        PROVIDE (__init_array_end = .)
                0x0800c540                        . = ALIGN (0x4)

.fini_array     0x0800c540        0x4
                0x0800c540                        . = ALIGN (0x4)
                [!provide]                        PROVIDE (__fini_array_start = .)
 *(SORT_BY_NAME(.fini_array.*))
 *(.fini_array*)
 .fini_array    0x0800c540        0x4 C:/ST/STM32CubeIDE_1.18.1/STM32CubeIDE/plugins/com.st.stm32cube.ide.mcu.externaltools.gnu-tools-for-stm32.13.3.rel1.win32_1.0.0.202411081344/tools/bin/../lib/gcc/arm-none-eabi/13.3.1/thumb/v6-m/nofp/crtbegin.o
                [!provide]                        PROVIDE (__fini_array_end = .)
                0x0800c544                        . = ALIGN (0x4)
                0x0800c544                        _sidata = LOADADDR (.data)

.rel.dyn        0x0800c544        0x0
 .rel.iplt      0x0800c544        0x0 C:/ST/STM32CubeIDE_1.18.1/STM32CubeIDE/plugins/com.st.stm32cube.ide.mcu.externaltools.gnu-tools-for-stm32.13.3.rel1.win32_1.0.0.202411081344/tools/bin/../lib/gcc/arm-none-eabi/13.3.1/thumb/v6-m/nofp/crtbegin.o

.data           0x20000000      0x134 load address 0x0800c544
                0x20000000                        . = ALIGN (0x4)
                0x20000000                        _sdata = .
 *(.data)
 *(.data*)
 .data.encoderDirection
                0x20000000        0x1 ./Core/Src/MT6835.o
 *fill*         0x20000001        0x3 
 .data.device_id_index
                0x20000004        0x4 ./Core/Src/main.o
                0x20000004                device_id_index
 .data.pooptest
                0x20000008        0x4 ./Core/Src/main.o
                0x20000008                pooptest
 .data.flashAddress
                0x2000000c        0x4 ./Core/Src/main.o
                0x2000000c                flashAddress
 .data.morse_table.0
                0x20000010       0x90 ./Core/Src/non_blocking_morse.o
 .data.SystemCoreClock
                0x200000a0        0x4 ./Core/Src/system_stm32g0xx.o
                0x200000a0                SystemCoreClock
 .data.uwTickPrio
                0x200000a4        0x4 ./Drivers/STM32G0xx_HAL_Driver/Src/stm32g0xx_hal.o
                0x200000a4                uwTickPrio
 .data.uwTickFreq
                0x200000a8        0x1 ./Drivers/STM32G0xx_HAL_Driver/Src/stm32g0xx_hal.o
                0x200000a8                uwTickFreq
 *(.RamFunc)
 *fill*         0x200000a9        0x3 
 .RamFunc       0x200000ac       0x88 ./Drivers/STM32G0xx_HAL_Driver/Src/stm32g0xx_hal_flash.o
 *(.RamFunc*)
                0x20000134                        . = ALIGN (0x4)
                0x20000134                        _edata = .

.igot.plt       0x20000134        0x0 load address 0x0800c678
 .igot.plt      0x20000134        0x0 C:/ST/STM32CubeIDE_1.18.1/STM32CubeIDE/plugins/com.st.stm32cube.ide.mcu.externaltools.gnu-tools-for-stm32.13.3.rel1.win32_1.0.0.202411081344/tools/bin/../lib/gcc/arm-none-eabi/13.3.1/thumb/v6-m/nofp/crtbegin.o
                0x20000134                        . = ALIGN (0x4)

.bss            0x20000138     0x4658 load address 0x0800c678
                0x20000138                        _sbss = .
                0x20000138                        __bss_start__ = _sbss
 *(.bss)
 .bss           0x20000138       0x1c C:/ST/STM32CubeIDE_1.18.1/STM32CubeIDE/plugins/com.st.stm32cube.ide.mcu.externaltools.gnu-tools-for-stm32.13.3.rel1.win32_1.0.0.202411081344/tools/bin/../lib/gcc/arm-none-eabi/13.3.1/thumb/v6-m/nofp/crtbegin.o
 *(.bss*)
 .bss.singleTurnSensorCounts
                0x20000154        0x4 ./Core/Src/MT6835.o
                0x20000154                singleTurnSensorCounts
 .bss.multiTurnSensorCounts
                0x20000158        0x8 ./Core/Src/MT6835.o
                0x20000158                multiTurnSensorCounts
 .bss.rotationOverspeedWarning
                0x20000160        0x1 ./Core/Src/MT6835.o
                0x20000160                rotationOverspeedWarning
 .bss.weakMagneticFieldWarning
                0x20000161        0x1 ./Core/Src/MT6835.o
                0x20000161                weakMagneticFieldWarning
 .bss.underVoltageWarning
                0x20000162        0x1 ./Core/Src/MT6835.o
                0x20000162                underVoltageWarning
 *fill*         0x20000163        0x1 
 .bss.previousSingleTurn.0
                0x20000164        0x4 ./Core/Src/MT6835.o
 .bss.s_isBlinking
                0x20000168        0x1 ./Core/Src/error_blink.o
 .bss.error_occoured
                0x20000169        0x1 ./Core/Src/error_blink.o
 *fill*         0x2000016a        0x2 
 .bss.g_user_config
                0x2000016c     0x1f67 ./Core/Src/flash_config.o
 *fill*         0x200020d3        0x1 
 .bss.g_critical_data
                0x200020d4     0x1f94 ./Core/Src/flash_config.o
 .bss.g_config_loaded
                0x20004068        0x1 ./Core/Src/flash_config.o
 .bss.g_user_config_dirty
                0x20004069        0x1 ./Core/Src/flash_config.o
 *fill*         0x2000406a        0x2 
 .bss.hadc1     0x2000406c       0x64 ./Core/Src/main.o
                0x2000406c                hadc1
 .bss.hfdcan1   0x200040d0       0x64 ./Core/Src/main.o
                0x200040d0                hfdcan1
 .bss.hi2c1     0x20004134       0x54 ./Core/Src/main.o
                0x20004134                hi2c1
 .bss.hspi1     0x20004188       0x64 ./Core/Src/main.o
                0x20004188                hspi1
 .bss.hspi2     0x200041ec       0x64 ./Core/Src/main.o
                0x200041ec                hspi2
 .bss.htim2     0x20004250       0x4c ./Core/Src/main.o
                0x20004250                htim2
 .bss.htim3     0x2000429c       0x4c ./Core/Src/main.o
                0x2000429c                htim3
 .bss.htim4     0x200042e8       0x4c ./Core/Src/main.o
                0x200042e8                htim4
 .bss.hpcd_USB_DRD_FS
                0x20004334      0x2e0 ./Core/Src/main.o
                0x20004334                hpcd_USB_DRD_FS
 .bss.proxMode  0x20004614        0x4 ./Core/Src/main.o
                0x20004614                proxMode
 .bss.towr      0x20004618        0x4 ./Core/Src/main.o
                0x20004618                towr
 .bss.encoder_ready
                0x2000461c        0x4 ./Core/Src/main.o
                0x2000461c                encoder_ready
 .bss.lastHeartbeatTime
                0x20004620        0x4 ./Core/Src/main.o
                0x20004620                lastHeartbeatTime
 *fill*         0x20004624        0x4 
 .bss.prevMultiTurnCounts
                0x20004628        0x8 ./Core/Src/main.o
 .bss.prevTimeMillisec
                0x20004630        0x4 ./Core/Src/main.o
 .bss.filteredVelocityCPS
                0x20004634        0x4 ./Core/Src/main.o
 .bss.filteredAccelCPS2
                0x20004638        0x4 ./Core/Src/main.o
 .bss.lastVelocityCPS
                0x2000463c        0x4 ./Core/Src/main.o
                0x2000463c                lastVelocityCPS
 .bss.lastAccelCPS2
                0x20004640        0x4 ./Core/Src/main.o
                0x20004640                lastAccelCPS2
 .bss.velocityCountsScaled
                0x20004644        0x4 ./Core/Src/main.o
                0x20004644                velocityCountsScaled
 .bss.accelCountsScaled
                0x20004648        0x4 ./Core/Src/main.o
                0x20004648                accelCountsScaled
 .bss.isHardwareFault
                0x2000464c        0x4 ./Core/Src/main.o
                0x2000464c                isHardwareFault
 .bss.isLoopOverrun
                0x20004650        0x4 ./Core/Src/main.o
                0x20004650                isLoopOverrun
 .bss.isCANInvalid
                0x20004654        0x4 ./Core/Src/main.o
                0x20004654                isCANInvalid
 .bss.isResetDuringEnable
                0x20004658        0x4 ./Core/Src/main.o
                0x20004658                isResetDuringEnable
 .bss.isMagnetWeakSignal
                0x2000465c        0x4 ./Core/Src/main.o
                0x2000465c                isMagnetWeakSignal
 .bss.isRotationOverspeed
                0x20004660        0x4 ./Core/Src/main.o
                0x20004660                isRotationOverspeed
 .bss.isCANClogged
                0x20004664        0x4 ./Core/Src/main.o
                0x20004664                isCANClogged
 .bss.isUnderVolted
                0x20004668        0x4 ./Core/Src/main.o
                0x20004668                isUnderVolted
 .bss.mt6835_error_count
                0x2000466c        0x4 ./Core/Src/main.o
 .bss.TxHeaderPosition
                0x20004670       0x24 ./Core/Src/main.o
                0x20004670                TxHeaderPosition
 .bss.TxHeaderVelocityAccel
                0x20004694       0x24 ./Core/Src/main.o
                0x20004694                TxHeaderVelocityAccel
 .bss.TxHeaderBooleanStatus
                0x200046b8       0x24 ./Core/Src/main.o
                0x200046b8                TxHeaderBooleanStatus
 .bss.RxHeader  0x200046dc       0x28 ./Core/Src/main.o
                0x200046dc                RxHeader
 .bss.TxDataPosition
                0x20004704        0x8 ./Core/Src/main.o
                0x20004704                TxDataPosition
 .bss.TxDataVelocityAccel
                0x2000470c        0x8 ./Core/Src/main.o
                0x2000470c                TxDataVelocityAccel
 .bss.TxDataBooleanStatus
                0x20004714        0x1 ./Core/Src/main.o
                0x20004714                TxDataBooleanStatus
 *fill*         0x20004715        0x3 
 .bss.RxData    0x20004718       0x40 ./Core/Src/main.o
                0x20004718                RxData
 .bss.lastInitAttempt.0
                0x20004758        0x4 ./Core/Src/main.o
 .bss.ctx       0x2000475c       0x14 ./Core/Src/non_blocking_morse.o
 .bss.uwTick    0x20004770        0x4 ./Drivers/STM32G0xx_HAL_Driver/Src/stm32g0xx_hal.o
                0x20004770                uwTick
 .bss.pFlash    0x20004774       0x1c ./Drivers/STM32G0xx_HAL_Driver/Src/stm32g0xx_hal_flash.o
                0x20004774                pFlash
 *(COMMON)
                0x20004790                        . = ALIGN (0x4)
                0x20004790                        _ebss = .
                0x20004790                        __bss_end__ = _ebss

._user_heap_stack
                0x20004790      0x600 load address 0x0800c678
                0x20004790                        . = ALIGN (0x8)
                [!provide]                        PROVIDE (end = .)
                0x20004790                        PROVIDE (_end = .)
                0x20004990                        . = (. + _Min_Heap_Size)
 *fill*         0x20004790      0x200 
                0x20004d90                        . = (. + _Min_Stack_Size)
 *fill*         0x20004990      0x400 
                0x20004d90                        . = ALIGN (0x8)

/DISCARD/
 libc.a(*)
 libm.a(*)
 libgcc.a(*)

.ARM.attributes
                0x00000000       0x28
 *(.ARM.attributes)
 .ARM.attributes
                0x00000000       0x1e C:/ST/STM32CubeIDE_1.18.1/STM32CubeIDE/plugins/com.st.stm32cube.ide.mcu.externaltools.gnu-tools-for-stm32.13.3.rel1.win32_1.0.0.202411081344/tools/bin/../lib/gcc/arm-none-eabi/13.3.1/thumb/v6-m/nofp/crti.o
 .ARM.attributes
                0x0000001e       0x2c C:/ST/STM32CubeIDE_1.18.1/STM32CubeIDE/plugins/com.st.stm32cube.ide.mcu.externaltools.gnu-tools-for-stm32.13.3.rel1.win32_1.0.0.202411081344/tools/bin/../lib/gcc/arm-none-eabi/13.3.1/thumb/v6-m/nofp/crtbegin.o
 .ARM.attributes
                0x0000004a       0x2c ./Core/Src/MT6835.o
 .ARM.attributes
                0x00000076       0x2c ./Core/Src/error_blink.o
 .ARM.attributes
                0x000000a2       0x2c ./Core/Src/flash_config.o
 .ARM.attributes
                0x000000ce       0x2c ./Core/Src/main.o
 .ARM.attributes
                0x000000fa       0x2c ./Core/Src/non_blocking_morse.o
 .ARM.attributes
                0x00000126       0x2c ./Core/Src/rgb_led.o
 .ARM.attributes
                0x00000152       0x2c ./Core/Src/stm32g0xx_hal_msp.o
 .ARM.attributes
                0x0000017e       0x2c ./Core/Src/stm32g0xx_it.o
 .ARM.attributes
                0x000001aa       0x2c ./Core/Src/system_stm32g0xx.o
 .ARM.attributes
                0x000001d6       0x22 ./Core/Startup/startup_stm32g0b1ceux.o
 .ARM.attributes
                0x000001f8       0x2c ./Drivers/STM32G0xx_HAL_Driver/Src/stm32g0xx_hal.o
 .ARM.attributes
                0x00000224       0x2c ./Drivers/STM32G0xx_HAL_Driver/Src/stm32g0xx_hal_adc.o
 .ARM.attributes
                0x00000250       0x2c ./Drivers/STM32G0xx_HAL_Driver/Src/stm32g0xx_hal_cortex.o
 .ARM.attributes
                0x0000027c       0x2c ./Drivers/STM32G0xx_HAL_Driver/Src/stm32g0xx_hal_fdcan.o
 .ARM.attributes
                0x000002a8       0x2c ./Drivers/STM32G0xx_HAL_Driver/Src/stm32g0xx_hal_flash.o
 .ARM.attributes
                0x000002d4       0x2c ./Drivers/STM32G0xx_HAL_Driver/Src/stm32g0xx_hal_flash_ex.o
 .ARM.attributes
                0x00000300       0x2c ./Drivers/STM32G0xx_HAL_Driver/Src/stm32g0xx_hal_gpio.o
 .ARM.attributes
                0x0000032c       0x2c ./Drivers/STM32G0xx_HAL_Driver/Src/stm32g0xx_hal_i2c.o
 .ARM.attributes
                0x00000358       0x2c ./Drivers/STM32G0xx_HAL_Driver/Src/stm32g0xx_hal_i2c_ex.o
 .ARM.attributes
                0x00000384       0x2c ./Drivers/STM32G0xx_HAL_Driver/Src/stm32g0xx_hal_pcd.o
 .ARM.attributes
                0x000003b0       0x2c ./Drivers/STM32G0xx_HAL_Driver/Src/stm32g0xx_hal_pcd_ex.o
 .ARM.attributes
                0x000003dc       0x2c ./Drivers/STM32G0xx_HAL_Driver/Src/stm32g0xx_hal_pwr_ex.o
 .ARM.attributes
                0x00000408       0x2c ./Drivers/STM32G0xx_HAL_Driver/Src/stm32g0xx_hal_rcc.o
 .ARM.attributes
                0x00000434       0x2c ./Drivers/STM32G0xx_HAL_Driver/Src/stm32g0xx_hal_rcc_ex.o
 .ARM.attributes
                0x00000460       0x2c ./Drivers/STM32G0xx_HAL_Driver/Src/stm32g0xx_hal_spi.o
 .ARM.attributes
                0x0000048c       0x2c ./Drivers/STM32G0xx_HAL_Driver/Src/stm32g0xx_hal_tim.o
 .ARM.attributes
                0x000004b8       0x2c ./Drivers/STM32G0xx_HAL_Driver/Src/stm32g0xx_hal_tim_ex.o
 .ARM.attributes
                0x000004e4       0x2c ./Drivers/STM32G0xx_HAL_Driver/Src/stm32g0xx_ll_usb.o
 .ARM.attributes
                0x00000510       0x2c C:/ST/STM32CubeIDE_1.18.1/STM32CubeIDE/plugins/com.st.stm32cube.ide.mcu.externaltools.gnu-tools-for-stm32.13.3.rel1.win32_1.0.0.202411081344/tools/bin/../lib/gcc/arm-none-eabi/13.3.1/../../../../arm-none-eabi/lib/thumb/v6-m/nofp\libc_nano.a(libc_a-ctype_.o)
 .ARM.attributes
                0x0000053c       0x2c C:/ST/STM32CubeIDE_1.18.1/STM32CubeIDE/plugins/com.st.stm32cube.ide.mcu.externaltools.gnu-tools-for-stm32.13.3.rel1.win32_1.0.0.202411081344/tools/bin/../lib/gcc/arm-none-eabi/13.3.1/../../../../arm-none-eabi/lib/thumb/v6-m/nofp\libc_nano.a(libc_a-memset.o)
 .ARM.attributes
                0x00000568       0x2c C:/ST/STM32CubeIDE_1.18.1/STM32CubeIDE/plugins/com.st.stm32cube.ide.mcu.externaltools.gnu-tools-for-stm32.13.3.rel1.win32_1.0.0.202411081344/tools/bin/../lib/gcc/arm-none-eabi/13.3.1/../../../../arm-none-eabi/lib/thumb/v6-m/nofp\libc_nano.a(libc_a-init.o)
 .ARM.attributes
                0x00000594       0x2c C:/ST/STM32CubeIDE_1.18.1/STM32CubeIDE/plugins/com.st.stm32cube.ide.mcu.externaltools.gnu-tools-for-stm32.13.3.rel1.win32_1.0.0.202411081344/tools/bin/../lib/gcc/arm-none-eabi/13.3.1/../../../../arm-none-eabi/lib/thumb/v6-m/nofp\libc_nano.a(libc_a-memcpy-stub.o)
 .ARM.attributes
                0x000005c0       0x1e C:/ST/STM32CubeIDE_1.18.1/STM32CubeIDE/plugins/com.st.stm32cube.ide.mcu.externaltools.gnu-tools-for-stm32.13.3.rel1.win32_1.0.0.202411081344/tools/bin/../lib/gcc/arm-none-eabi/13.3.1/thumb/v6-m/nofp\libgcc.a(_udivsi3.o)
 .ARM.attributes
                0x000005de       0x1e C:/ST/STM32CubeIDE_1.18.1/STM32CubeIDE/plugins/com.st.stm32cube.ide.mcu.externaltools.gnu-tools-for-stm32.13.3.rel1.win32_1.0.0.202411081344/tools/bin/../lib/gcc/arm-none-eabi/13.3.1/thumb/v6-m/nofp\libgcc.a(_divsi3.o)
 .ARM.attributes
                0x000005fc       0x1e C:/ST/STM32CubeIDE_1.18.1/STM32CubeIDE/plugins/com.st.stm32cube.ide.mcu.externaltools.gnu-tools-for-stm32.13.3.rel1.win32_1.0.0.202411081344/tools/bin/../lib/gcc/arm-none-eabi/13.3.1/thumb/v6-m/nofp\libgcc.a(_dvmd_tls.o)
 .ARM.attributes
                0x0000061a       0x1e C:/ST/STM32CubeIDE_1.18.1/STM32CubeIDE/plugins/com.st.stm32cube.ide.mcu.externaltools.gnu-tools-for-stm32.13.3.rel1.win32_1.0.0.202411081344/tools/bin/../lib/gcc/arm-none-eabi/13.3.1/thumb/v6-m/nofp\libgcc.a(_arm_cmpsf2.o)
 .ARM.attributes
                0x00000638       0x2c C:/ST/STM32CubeIDE_1.18.1/STM32CubeIDE/plugins/com.st.stm32cube.ide.mcu.externaltools.gnu-tools-for-stm32.13.3.rel1.win32_1.0.0.202411081344/tools/bin/../lib/gcc/arm-none-eabi/13.3.1/thumb/v6-m/nofp\libgcc.a(_fixunssfsi.o)
 .ARM.attributes
                0x00000664       0x2c C:/ST/STM32CubeIDE_1.18.1/STM32CubeIDE/plugins/com.st.stm32cube.ide.mcu.externaltools.gnu-tools-for-stm32.13.3.rel1.win32_1.0.0.202411081344/tools/bin/../lib/gcc/arm-none-eabi/13.3.1/thumb/v6-m/nofp\libgcc.a(_floatdisf.o)
 .ARM.attributes
                0x00000690       0x2c C:/ST/STM32CubeIDE_1.18.1/STM32CubeIDE/plugins/com.st.stm32cube.ide.mcu.externaltools.gnu-tools-for-stm32.13.3.rel1.win32_1.0.0.202411081344/tools/bin/../lib/gcc/arm-none-eabi/13.3.1/thumb/v6-m/nofp\libgcc.a(addsf3.o)
 .ARM.attributes
                0x000006bc       0x2c C:/ST/STM32CubeIDE_1.18.1/STM32CubeIDE/plugins/com.st.stm32cube.ide.mcu.externaltools.gnu-tools-for-stm32.13.3.rel1.win32_1.0.0.202411081344/tools/bin/../lib/gcc/arm-none-eabi/13.3.1/thumb/v6-m/nofp\libgcc.a(divsf3.o)
 .ARM.attributes
                0x000006e8       0x2c C:/ST/STM32CubeIDE_1.18.1/STM32CubeIDE/plugins/com.st.stm32cube.ide.mcu.externaltools.gnu-tools-for-stm32.13.3.rel1.win32_1.0.0.202411081344/tools/bin/../lib/gcc/arm-none-eabi/13.3.1/thumb/v6-m/nofp\libgcc.a(eqsf2.o)
 .ARM.attributes
                0x00000714       0x2c C:/ST/STM32CubeIDE_1.18.1/STM32CubeIDE/plugins/com.st.stm32cube.ide.mcu.externaltools.gnu-tools-for-stm32.13.3.rel1.win32_1.0.0.202411081344/tools/bin/../lib/gcc/arm-none-eabi/13.3.1/thumb/v6-m/nofp\libgcc.a(gesf2.o)
 .ARM.attributes
                0x00000740       0x2c C:/ST/STM32CubeIDE_1.18.1/STM32CubeIDE/plugins/com.st.stm32cube.ide.mcu.externaltools.gnu-tools-for-stm32.13.3.rel1.win32_1.0.0.202411081344/tools/bin/../lib/gcc/arm-none-eabi/13.3.1/thumb/v6-m/nofp\libgcc.a(lesf2.o)
 .ARM.attributes
                0x0000076c       0x2c C:/ST/STM32CubeIDE_1.18.1/STM32CubeIDE/plugins/com.st.stm32cube.ide.mcu.externaltools.gnu-tools-for-stm32.13.3.rel1.win32_1.0.0.202411081344/tools/bin/../lib/gcc/arm-none-eabi/13.3.1/thumb/v6-m/nofp\libgcc.a(mulsf3.o)
 .ARM.attributes
                0x00000798       0x2c C:/ST/STM32CubeIDE_1.18.1/STM32CubeIDE/plugins/com.st.stm32cube.ide.mcu.externaltools.gnu-tools-for-stm32.13.3.rel1.win32_1.0.0.202411081344/tools/bin/../lib/gcc/arm-none-eabi/13.3.1/thumb/v6-m/nofp\libgcc.a(subsf3.o)
 .ARM.attributes
                0x000007c4       0x2c C:/ST/STM32CubeIDE_1.18.1/STM32CubeIDE/plugins/com.st.stm32cube.ide.mcu.externaltools.gnu-tools-for-stm32.13.3.rel1.win32_1.0.0.202411081344/tools/bin/../lib/gcc/arm-none-eabi/13.3.1/thumb/v6-m/nofp\libgcc.a(fixsfsi.o)
 .ARM.attributes
                0x000007f0       0x2c C:/ST/STM32CubeIDE_1.18.1/STM32CubeIDE/plugins/com.st.stm32cube.ide.mcu.externaltools.gnu-tools-for-stm32.13.3.rel1.win32_1.0.0.202411081344/tools/bin/../lib/gcc/arm-none-eabi/13.3.1/thumb/v6-m/nofp\libgcc.a(floatsisf.o)
 .ARM.attributes
                0x0000081c       0x2c C:/ST/STM32CubeIDE_1.18.1/STM32CubeIDE/plugins/com.st.stm32cube.ide.mcu.externaltools.gnu-tools-for-stm32.13.3.rel1.win32_1.0.0.202411081344/tools/bin/../lib/gcc/arm-none-eabi/13.3.1/thumb/v6-m/nofp\libgcc.a(floatunsisf.o)
 .ARM.attributes
                0x00000848       0x2c C:/ST/STM32CubeIDE_1.18.1/STM32CubeIDE/plugins/com.st.stm32cube.ide.mcu.externaltools.gnu-tools-for-stm32.13.3.rel1.win32_1.0.0.202411081344/tools/bin/../lib/gcc/arm-none-eabi/13.3.1/thumb/v6-m/nofp\libgcc.a(adddf3.o)
 .ARM.attributes
                0x00000874       0x2c C:/ST/STM32CubeIDE_1.18.1/STM32CubeIDE/plugins/com.st.stm32cube.ide.mcu.externaltools.gnu-tools-for-stm32.13.3.rel1.win32_1.0.0.202411081344/tools/bin/../lib/gcc/arm-none-eabi/13.3.1/thumb/v6-m/nofp\libgcc.a(divdf3.o)
 .ARM.attributes
                0x000008a0       0x2c C:/ST/STM32CubeIDE_1.18.1/STM32CubeIDE/plugins/com.st.stm32cube.ide.mcu.externaltools.gnu-tools-for-stm32.13.3.rel1.win32_1.0.0.202411081344/tools/bin/../lib/gcc/arm-none-eabi/13.3.1/thumb/v6-m/nofp\libgcc.a(muldf3.o)
 .ARM.attributes
                0x000008cc       0x2c C:/ST/STM32CubeIDE_1.18.1/STM32CubeIDE/plugins/com.st.stm32cube.ide.mcu.externaltools.gnu-tools-for-stm32.13.3.rel1.win32_1.0.0.202411081344/tools/bin/../lib/gcc/arm-none-eabi/13.3.1/thumb/v6-m/nofp\libgcc.a(subdf3.o)
 .ARM.attributes
                0x000008f8       0x2c C:/ST/STM32CubeIDE_1.18.1/STM32CubeIDE/plugins/com.st.stm32cube.ide.mcu.externaltools.gnu-tools-for-stm32.13.3.rel1.win32_1.0.0.202411081344/tools/bin/../lib/gcc/arm-none-eabi/13.3.1/thumb/v6-m/nofp\libgcc.a(fixdfsi.o)
 .ARM.attributes
                0x00000924       0x2c C:/ST/STM32CubeIDE_1.18.1/STM32CubeIDE/plugins/com.st.stm32cube.ide.mcu.externaltools.gnu-tools-for-stm32.13.3.rel1.win32_1.0.0.202411081344/tools/bin/../lib/gcc/arm-none-eabi/13.3.1/thumb/v6-m/nofp\libgcc.a(floatsidf.o)
 .ARM.attributes
                0x00000950       0x2c C:/ST/STM32CubeIDE_1.18.1/STM32CubeIDE/plugins/com.st.stm32cube.ide.mcu.externaltools.gnu-tools-for-stm32.13.3.rel1.win32_1.0.0.202411081344/tools/bin/../lib/gcc/arm-none-eabi/13.3.1/thumb/v6-m/nofp\libgcc.a(floatunsidf.o)
 .ARM.attributes
                0x0000097c       0x2c C:/ST/STM32CubeIDE_1.18.1/STM32CubeIDE/plugins/com.st.stm32cube.ide.mcu.externaltools.gnu-tools-for-stm32.13.3.rel1.win32_1.0.0.202411081344/tools/bin/../lib/gcc/arm-none-eabi/13.3.1/thumb/v6-m/nofp\libgcc.a(extendsfdf2.o)
 .ARM.attributes
                0x000009a8       0x2c C:/ST/STM32CubeIDE_1.18.1/STM32CubeIDE/plugins/com.st.stm32cube.ide.mcu.externaltools.gnu-tools-for-stm32.13.3.rel1.win32_1.0.0.202411081344/tools/bin/../lib/gcc/arm-none-eabi/13.3.1/thumb/v6-m/nofp\libgcc.a(truncdfsf2.o)
 .ARM.attributes
                0x000009d4       0x1e C:/ST/STM32CubeIDE_1.18.1/STM32CubeIDE/plugins/com.st.stm32cube.ide.mcu.externaltools.gnu-tools-for-stm32.13.3.rel1.win32_1.0.0.202411081344/tools/bin/../lib/gcc/arm-none-eabi/13.3.1/thumb/v6-m/nofp\libgcc.a(_clzsi2.o)
 .ARM.attributes
                0x000009f2       0x1e C:/ST/STM32CubeIDE_1.18.1/STM32CubeIDE/plugins/com.st.stm32cube.ide.mcu.externaltools.gnu-tools-for-stm32.13.3.rel1.win32_1.0.0.202411081344/tools/bin/../lib/gcc/arm-none-eabi/13.3.1/thumb/v6-m/nofp/crtn.o
OUTPUT(Encoder4.elf elf32-littlearm)
LOAD linker stubs
LOAD C:/ST/STM32CubeIDE_1.18.1/STM32CubeIDE/plugins/com.st.stm32cube.ide.mcu.externaltools.gnu-tools-for-stm32.13.3.rel1.win32_1.0.0.202411081344/tools/bin/../lib/gcc/arm-none-eabi/13.3.1/../../../../arm-none-eabi/lib/thumb/v6-m/nofp\libc.a
LOAD C:/ST/STM32CubeIDE_1.18.1/STM32CubeIDE/plugins/com.st.stm32cube.ide.mcu.externaltools.gnu-tools-for-stm32.13.3.rel1.win32_1.0.0.202411081344/tools/bin/../lib/gcc/arm-none-eabi/13.3.1/../../../../arm-none-eabi/lib/thumb/v6-m/nofp\libm.a
LOAD C:/ST/STM32CubeIDE_1.18.1/STM32CubeIDE/plugins/com.st.stm32cube.ide.mcu.externaltools.gnu-tools-for-stm32.13.3.rel1.win32_1.0.0.202411081344/tools/bin/../lib/gcc/arm-none-eabi/13.3.1/thumb/v6-m/nofp\libgcc.a

.debug_info     0x00000000    0x1b6a8
 .debug_info    0x00000000      0xb8f ./Core/Src/MT6835.o
 .debug_info    0x00000b8f      0x150 ./Core/Src/error_blink.o
 .debug_info    0x00000cdf      0xc3b ./Core/Src/flash_config.o
 .debug_info    0x0000191a     0x3229 ./Core/Src/main.o
 .debug_info    0x00004b43      0x306 ./Core/Src/non_blocking_morse.o
 .debug_info    0x00004e49      0x459 ./Core/Src/rgb_led.o
 .debug_info    0x000052a2     0x235b ./Core/Src/stm32g0xx_hal_msp.o
 .debug_info    0x000075fd      0x5f2 ./Core/Src/stm32g0xx_it.o
 .debug_info    0x00007bef      0x316 ./Core/Src/system_stm32g0xx.o
 .debug_info    0x00007f05       0x30 ./Core/Startup/startup_stm32g0b1ceux.o
 .debug_info    0x00007f35      0xafa ./Drivers/STM32G0xx_HAL_Driver/Src/stm32g0xx_hal.o
 .debug_info    0x00008a2f     0x15cf ./Drivers/STM32G0xx_HAL_Driver/Src/stm32g0xx_hal_adc.o
 .debug_info    0x00009ffe      0x8d9 ./Drivers/STM32G0xx_HAL_Driver/Src/stm32g0xx_hal_cortex.o
 .debug_info    0x0000a8d7     0x1883 ./Drivers/STM32G0xx_HAL_Driver/Src/stm32g0xx_hal_fdcan.o
 .debug_info    0x0000c15a      0x6c2 ./Drivers/STM32G0xx_HAL_Driver/Src/stm32g0xx_hal_flash.o
 .debug_info    0x0000c81c      0xb21 ./Drivers/STM32G0xx_HAL_Driver/Src/stm32g0xx_hal_flash_ex.o
 .debug_info    0x0000d33d      0x5d9 ./Drivers/STM32G0xx_HAL_Driver/Src/stm32g0xx_hal_gpio.o
 .debug_info    0x0000d916     0x2205 ./Drivers/STM32G0xx_HAL_Driver/Src/stm32g0xx_hal_i2c.o
 .debug_info    0x0000fb1b      0xa46 ./Drivers/STM32G0xx_HAL_Driver/Src/stm32g0xx_hal_i2c_ex.o
 .debug_info    0x00010561     0x1502 ./Drivers/STM32G0xx_HAL_Driver/Src/stm32g0xx_hal_pcd.o
 .debug_info    0x00011a63      0x7e7 ./Drivers/STM32G0xx_HAL_Driver/Src/stm32g0xx_hal_pcd_ex.o
 .debug_info    0x0001224a      0x8b5 ./Drivers/STM32G0xx_HAL_Driver/Src/stm32g0xx_hal_pwr_ex.o
 .debug_info    0x00012aff      0xb9b ./Drivers/STM32G0xx_HAL_Driver/Src/stm32g0xx_hal_rcc.o
 .debug_info    0x0001369a      0xa41 ./Drivers/STM32G0xx_HAL_Driver/Src/stm32g0xx_hal_rcc_ex.o
 .debug_info    0x000140db     0x1767 ./Drivers/STM32G0xx_HAL_Driver/Src/stm32g0xx_hal_spi.o
 .debug_info    0x00015842     0x2c12 ./Drivers/STM32G0xx_HAL_Driver/Src/stm32g0xx_hal_tim.o
 .debug_info    0x00018454     0x1923 ./Drivers/STM32G0xx_HAL_Driver/Src/stm32g0xx_hal_tim_ex.o
 .debug_info    0x00019d77     0x1931 ./Drivers/STM32G0xx_HAL_Driver/Src/stm32g0xx_ll_usb.o

.debug_abbrev   0x00000000     0x3dc5
 .debug_abbrev  0x00000000      0x25c ./Core/Src/MT6835.o
 .debug_abbrev  0x0000025c       0xcb ./Core/Src/error_blink.o
 .debug_abbrev  0x00000327      0x286 ./Core/Src/flash_config.o
 .debug_abbrev  0x000005ad      0x3be ./Core/Src/main.o
 .debug_abbrev  0x0000096b      0x1c3 ./Core/Src/non_blocking_morse.o
 .debug_abbrev  0x00000b2e      0x131 ./Core/Src/rgb_led.o
 .debug_abbrev  0x00000c5f      0x2a0 ./Core/Src/stm32g0xx_hal_msp.o
 .debug_abbrev  0x00000eff      0x175 ./Core/Src/stm32g0xx_it.o
 .debug_abbrev  0x00001074      0x119 ./Core/Src/system_stm32g0xx.o
 .debug_abbrev  0x0000118d       0x24 ./Core/Startup/startup_stm32g0b1ceux.o
 .debug_abbrev  0x000011b1      0x27f ./Drivers/STM32G0xx_HAL_Driver/Src/stm32g0xx_hal.o
 .debug_abbrev  0x00001430      0x276 ./Drivers/STM32G0xx_HAL_Driver/Src/stm32g0xx_hal_adc.o
 .debug_abbrev  0x000016a6      0x2ab ./Drivers/STM32G0xx_HAL_Driver/Src/stm32g0xx_hal_cortex.o
 .debug_abbrev  0x00001951      0x1eb ./Drivers/STM32G0xx_HAL_Driver/Src/stm32g0xx_hal_fdcan.o
 .debug_abbrev  0x00001b3c      0x308 ./Drivers/STM32G0xx_HAL_Driver/Src/stm32g0xx_hal_flash.o
 .debug_abbrev  0x00001e44      0x272 ./Drivers/STM32G0xx_HAL_Driver/Src/stm32g0xx_hal_flash_ex.o
 .debug_abbrev  0x000020b6      0x1c8 ./Drivers/STM32G0xx_HAL_Driver/Src/stm32g0xx_hal_gpio.o
 .debug_abbrev  0x0000227e      0x282 ./Drivers/STM32G0xx_HAL_Driver/Src/stm32g0xx_hal_i2c.o
 .debug_abbrev  0x00002500      0x1d7 ./Drivers/STM32G0xx_HAL_Driver/Src/stm32g0xx_hal_i2c_ex.o
 .debug_abbrev  0x000026d7      0x327 ./Drivers/STM32G0xx_HAL_Driver/Src/stm32g0xx_hal_pcd.o
 .debug_abbrev  0x000029fe      0x22e ./Drivers/STM32G0xx_HAL_Driver/Src/stm32g0xx_hal_pcd_ex.o
 .debug_abbrev  0x00002c2c      0x23c ./Drivers/STM32G0xx_HAL_Driver/Src/stm32g0xx_hal_pwr_ex.o
 .debug_abbrev  0x00002e68      0x2aa ./Drivers/STM32G0xx_HAL_Driver/Src/stm32g0xx_hal_rcc.o
 .debug_abbrev  0x00003112      0x244 ./Drivers/STM32G0xx_HAL_Driver/Src/stm32g0xx_hal_rcc_ex.o
 .debug_abbrev  0x00003356      0x290 ./Drivers/STM32G0xx_HAL_Driver/Src/stm32g0xx_hal_spi.o
 .debug_abbrev  0x000035e6      0x287 ./Drivers/STM32G0xx_HAL_Driver/Src/stm32g0xx_hal_tim.o
 .debug_abbrev  0x0000386d      0x297 ./Drivers/STM32G0xx_HAL_Driver/Src/stm32g0xx_hal_tim_ex.o
 .debug_abbrev  0x00003b04      0x2c1 ./Drivers/STM32G0xx_HAL_Driver/Src/stm32g0xx_ll_usb.o

.debug_aranges  0x00000000     0x1b90
 .debug_aranges
                0x00000000       0x88 ./Core/Src/MT6835.o
 .debug_aranges
                0x00000088       0x20 ./Core/Src/error_blink.o
 .debug_aranges
                0x000000a8      0x130 ./Core/Src/flash_config.o
 .debug_aranges
                0x000001d8       0xd0 ./Core/Src/main.o
 .debug_aranges
                0x000002a8       0x38 ./Core/Src/non_blocking_morse.o
 .debug_aranges
                0x000002e0       0x38 ./Core/Src/rgb_led.o
 .debug_aranges
                0x00000318       0x98 ./Core/Src/stm32g0xx_hal_msp.o
 .debug_aranges
                0x000003b0       0x48 ./Core/Src/stm32g0xx_it.o
 .debug_aranges
                0x000003f8       0x28 ./Core/Src/system_stm32g0xx.o
 .debug_aranges
                0x00000420       0x28 ./Core/Startup/startup_stm32g0b1ceux.o
 .debug_aranges
                0x00000448      0x130 ./Drivers/STM32G0xx_HAL_Driver/Src/stm32g0xx_hal.o
 .debug_aranges
                0x00000578      0x1f0 ./Drivers/STM32G0xx_HAL_Driver/Src/stm32g0xx_hal_adc.o
 .debug_aranges
                0x00000768       0xe8 ./Drivers/STM32G0xx_HAL_Driver/Src/stm32g0xx_hal_cortex.o
 .debug_aranges
                0x00000850      0x208 ./Drivers/STM32G0xx_HAL_Driver/Src/stm32g0xx_hal_fdcan.o
 .debug_aranges
                0x00000a58       0x88 ./Drivers/STM32G0xx_HAL_Driver/Src/stm32g0xx_hal_flash.o
 .debug_aranges
                0x00000ae0       0xf0 ./Drivers/STM32G0xx_HAL_Driver/Src/stm32g0xx_hal_flash_ex.o
 .debug_aranges
                0x00000bd0       0x60 ./Drivers/STM32G0xx_HAL_Driver/Src/stm32g0xx_hal_gpio.o
 .debug_aranges
                0x00000c30      0x2a0 ./Drivers/STM32G0xx_HAL_Driver/Src/stm32g0xx_hal_i2c.o
 .debug_aranges
                0x00000ed0       0x48 ./Drivers/STM32G0xx_HAL_Driver/Src/stm32g0xx_hal_i2c_ex.o
 .debug_aranges
                0x00000f18      0x150 ./Drivers/STM32G0xx_HAL_Driver/Src/stm32g0xx_hal_pcd.o
 .debug_aranges
                0x00001068       0x58 ./Drivers/STM32G0xx_HAL_Driver/Src/stm32g0xx_hal_pcd_ex.o
 .debug_aranges
                0x000010c0      0x128 ./Drivers/STM32G0xx_HAL_Driver/Src/stm32g0xx_hal_pwr_ex.o
 .debug_aranges
                0x000011e8       0xa0 ./Drivers/STM32G0xx_HAL_Driver/Src/stm32g0xx_hal_rcc.o
 .debug_aranges
                0x00001288       0x88 ./Drivers/STM32G0xx_HAL_Driver/Src/stm32g0xx_hal_rcc_ex.o
 .debug_aranges
                0x00001310      0x1d8 ./Drivers/STM32G0xx_HAL_Driver/Src/stm32g0xx_hal_spi.o
 .debug_aranges
                0x000014e8      0x3e0 ./Drivers/STM32G0xx_HAL_Driver/Src/stm32g0xx_hal_tim.o
 .debug_aranges
                0x000018c8      0x198 ./Drivers/STM32G0xx_HAL_Driver/Src/stm32g0xx_hal_tim_ex.o
 .debug_aranges
                0x00001a60      0x130 ./Drivers/STM32G0xx_HAL_Driver/Src/stm32g0xx_ll_usb.o

.debug_rnglists
                0x00000000     0x156e
 .debug_rnglists
                0x00000000       0x63 ./Core/Src/MT6835.o
 .debug_rnglists
                0x00000063       0x13 ./Core/Src/error_blink.o
 .debug_rnglists
                0x00000076       0xea ./Core/Src/flash_config.o
 .debug_rnglists
                0x00000160       0xa2 ./Core/Src/main.o
 .debug_rnglists
                0x00000202       0x34 ./Core/Src/non_blocking_morse.o
 .debug_rnglists
                0x00000236       0x28 ./Core/Src/rgb_led.o
 .debug_rnglists
                0x0000025e       0x73 ./Core/Src/stm32g0xx_hal_msp.o
 .debug_rnglists
                0x000002d1       0x31 ./Core/Src/stm32g0xx_it.o
 .debug_rnglists
                0x00000302       0x1a ./Core/Src/system_stm32g0xx.o
 .debug_rnglists
                0x0000031c       0x19 ./Core/Startup/startup_stm32g0b1ceux.o
 .debug_rnglists
                0x00000335       0xe0 ./Drivers/STM32G0xx_HAL_Driver/Src/stm32g0xx_hal.o
 .debug_rnglists
                0x00000415      0x17f ./Drivers/STM32G0xx_HAL_Driver/Src/stm32g0xx_hal_adc.o
 .debug_rnglists
                0x00000594       0xaa ./Drivers/STM32G0xx_HAL_Driver/Src/stm32g0xx_hal_cortex.o
 .debug_rnglists
                0x0000063e      0x18d ./Drivers/STM32G0xx_HAL_Driver/Src/stm32g0xx_hal_fdcan.o
 .debug_rnglists
                0x000007cb       0x66 ./Drivers/STM32G0xx_HAL_Driver/Src/stm32g0xx_hal_flash.o
 .debug_rnglists
                0x00000831       0xbc ./Drivers/STM32G0xx_HAL_Driver/Src/stm32g0xx_hal_flash_ex.o
 .debug_rnglists
                0x000008ed       0x45 ./Drivers/STM32G0xx_HAL_Driver/Src/stm32g0xx_hal_gpio.o
 .debug_rnglists
                0x00000932      0x229 ./Drivers/STM32G0xx_HAL_Driver/Src/stm32g0xx_hal_i2c.o
 .debug_rnglists
                0x00000b5b       0x35 ./Drivers/STM32G0xx_HAL_Driver/Src/stm32g0xx_hal_i2c_ex.o
 .debug_rnglists
                0x00000b90      0x100 ./Drivers/STM32G0xx_HAL_Driver/Src/stm32g0xx_hal_pcd.o
 .debug_rnglists
                0x00000c90       0x3f ./Drivers/STM32G0xx_HAL_Driver/Src/stm32g0xx_hal_pcd_ex.o
 .debug_rnglists
                0x00000ccf       0xe0 ./Drivers/STM32G0xx_HAL_Driver/Src/stm32g0xx_hal_pwr_ex.o
 .debug_rnglists
                0x00000daf       0x79 ./Drivers/STM32G0xx_HAL_Driver/Src/stm32g0xx_hal_rcc.o
 .debug_rnglists
                0x00000e28       0x69 ./Drivers/STM32G0xx_HAL_Driver/Src/stm32g0xx_hal_rcc_ex.o
 .debug_rnglists
                0x00000e91      0x17a ./Drivers/STM32G0xx_HAL_Driver/Src/stm32g0xx_hal_spi.o
 .debug_rnglists
                0x0000100b      0x32a ./Drivers/STM32G0xx_HAL_Driver/Src/stm32g0xx_hal_tim.o
 .debug_rnglists
                0x00001335      0x14e ./Drivers/STM32G0xx_HAL_Driver/Src/stm32g0xx_hal_tim_ex.o
 .debug_rnglists
                0x00001483       0xeb ./Drivers/STM32G0xx_HAL_Driver/Src/stm32g0xx_ll_usb.o

.debug_macro    0x00000000    0x20eb2
 .debug_macro   0x00000000      0x25e ./Core/Src/MT6835.o
 .debug_macro   0x0000025e      0xaae ./Core/Src/MT6835.o
 .debug_macro   0x00000d0c      0x142 ./Core/Src/MT6835.o
 .debug_macro   0x00000e4e       0x2e ./Core/Src/MT6835.o
 .debug_macro   0x00000e7c       0x28 ./Core/Src/MT6835.o
 .debug_macro   0x00000ea4       0x22 ./Core/Src/MT6835.o
 .debug_macro   0x00000ec6       0x8e ./Core/Src/MT6835.o
 .debug_macro   0x00000f54       0x51 ./Core/Src/MT6835.o
 .debug_macro   0x00000fa5      0x103 ./Core/Src/MT6835.o
 .debug_macro   0x000010a8       0x6a ./Core/Src/MT6835.o
 .debug_macro   0x00001112      0x1df ./Core/Src/MT6835.o
 .debug_macro   0x000012f1       0x1c ./Core/Src/MT6835.o
 .debug_macro   0x0000130d       0x22 ./Core/Src/MT6835.o
 .debug_macro   0x0000132f       0xd1 ./Core/Src/MT6835.o
 .debug_macro   0x00001400      0x4da ./Core/Src/MT6835.o
 .debug_macro   0x000018da      0x11f ./Core/Src/MT6835.o
 .debug_macro   0x000019f9     0xf3de ./Core/Src/MT6835.o
 .debug_macro   0x00010dd7       0x66 ./Core/Src/MT6835.o
 .debug_macro   0x00010e3d     0x350e ./Core/Src/MT6835.o
 .debug_macro   0x0001434b      0x190 ./Core/Src/MT6835.o
 .debug_macro   0x000144db       0x5c ./Core/Src/MT6835.o
 .debug_macro   0x00014537      0x72c ./Core/Src/MT6835.o
 .debug_macro   0x00014c63     0x1579 ./Core/Src/MT6835.o
 .debug_macro   0x000161dc      0x535 ./Core/Src/MT6835.o
 .debug_macro   0x00016711      0x1cf ./Core/Src/MT6835.o
 .debug_macro   0x000168e0      0x25b ./Core/Src/MT6835.o
 .debug_macro   0x00016b3b      0x4f5 ./Core/Src/MT6835.o
 .debug_macro   0x00017030      0x280 ./Core/Src/MT6835.o
 .debug_macro   0x000172b0      0x417 ./Core/Src/MT6835.o
 .debug_macro   0x000176c7      0x1b2 ./Core/Src/MT6835.o
 .debug_macro   0x00017879       0x43 ./Core/Src/MT6835.o
 .debug_macro   0x000178bc      0x1f1 ./Core/Src/MT6835.o
 .debug_macro   0x00017aad      0x8bd ./Core/Src/MT6835.o
 .debug_macro   0x0001836a      0x5c9 ./Core/Src/MT6835.o
 .debug_macro   0x00018933       0x2e ./Core/Src/MT6835.o
 .debug_macro   0x00018961      0x1e4 ./Core/Src/MT6835.o
 .debug_macro   0x00018b45      0x3fa ./Core/Src/MT6835.o
 .debug_macro   0x00018f3f       0x28 ./Core/Src/MT6835.o
 .debug_macro   0x00018f67      0x123 ./Core/Src/MT6835.o
 .debug_macro   0x0001908a      0x6bd ./Core/Src/MT6835.o
 .debug_macro   0x00019747      0x22c ./Core/Src/MT6835.o
 .debug_macro   0x00019973       0x67 ./Core/Src/MT6835.o
 .debug_macro   0x000199da       0xa5 ./Core/Src/MT6835.o
 .debug_macro   0x00019a7f      0x224 ./Core/Src/MT6835.o
 .debug_macro   0x00019ca3      0x169 ./Core/Src/MT6835.o
 .debug_macro   0x00019e0c      0x145 ./Core/Src/MT6835.o
 .debug_macro   0x00019f51      0x30b ./Core/Src/MT6835.o
 .debug_macro   0x0001a25c      0x2fe ./Core/Src/MT6835.o
 .debug_macro   0x0001a55a      0xae5 ./Core/Src/MT6835.o
 .debug_macro   0x0001b03f      0x239 ./Core/Src/MT6835.o
 .debug_macro   0x0001b278      0x5df ./Core/Src/MT6835.o
 .debug_macro   0x0001b857       0x4c ./Core/Src/MT6835.o
 .debug_macro   0x0001b8a3      0x271 ./Core/Src/error_blink.o
 .debug_macro   0x0001bb14       0x34 ./Core/Src/error_blink.o
 .debug_macro   0x0001bb48       0x22 ./Core/Src/error_blink.o
 .debug_macro   0x0001bb6a      0x32c ./Core/Src/flash_config.o
 .debug_macro   0x0001be96       0x3a ./Core/Src/flash_config.o
 .debug_macro   0x0001bed0       0x61 ./Core/Src/flash_config.o
 .debug_macro   0x0001bf31       0x24 ./Core/Src/flash_config.o
 .debug_macro   0x0001bf55       0x43 ./Core/Src/flash_config.o
 .debug_macro   0x0001bf98       0x34 ./Core/Src/flash_config.o
 .debug_macro   0x0001bfcc      0x370 ./Core/Src/flash_config.o
 .debug_macro   0x0001c33c       0x16 ./Core/Src/flash_config.o
 .debug_macro   0x0001c352       0x4a ./Core/Src/flash_config.o
 .debug_macro   0x0001c39c       0x34 ./Core/Src/flash_config.o
 .debug_macro   0x0001c3d0       0x10 ./Core/Src/flash_config.o
 .debug_macro   0x0001c3e0       0x58 ./Core/Src/flash_config.o
 .debug_macro   0x0001c438       0x8e ./Core/Src/flash_config.o
 .debug_macro   0x0001c4c6       0x1c ./Core/Src/flash_config.o
 .debug_macro   0x0001c4e2      0x185 ./Core/Src/flash_config.o
 .debug_macro   0x0001c667       0x10 ./Core/Src/flash_config.o
 .debug_macro   0x0001c677       0x3c ./Core/Src/flash_config.o
 .debug_macro   0x0001c6b3       0x20 ./Core/Src/flash_config.o
 .debug_macro   0x0001c6d3      0x445 ./Core/Src/main.o
 .debug_macro   0x0001cb18       0x52 ./Core/Src/main.o
 .debug_macro   0x0001cb6a       0x76 ./Core/Src/main.o
 .debug_macro   0x0001cbe0      0x29c ./Core/Src/main.o
 .debug_macro   0x0001ce7c      0x203 ./Core/Src/main.o
 .debug_macro   0x0001d07f       0x16 ./Core/Src/main.o
 .debug_macro   0x0001d095       0x10 ./Core/Src/main.o
 .debug_macro   0x0001d0a5       0x16 ./Core/Src/main.o
 .debug_macro   0x0001d0bb       0x16 ./Core/Src/main.o
 .debug_macro   0x0001d0d1      0x146 ./Core/Src/main.o
 .debug_macro   0x0001d217       0x16 ./Core/Src/main.o
 .debug_macro   0x0001d22d       0x2e ./Core/Src/main.o
 .debug_macro   0x0001d25b       0x17 ./Core/Src/main.o
 .debug_macro   0x0001d272      0x1d2 ./Core/Src/main.o
 .debug_macro   0x0001d444       0x6a ./Core/Src/main.o
 .debug_macro   0x0001d4ae       0x40 ./Core/Src/main.o
 .debug_macro   0x0001d4ee      0x2d6 ./Core/Src/non_blocking_morse.o
 .debug_macro   0x0001d7c4      0x119 ./Core/Src/non_blocking_morse.o
 .debug_macro   0x0001d8dd      0x259 ./Core/Src/rgb_led.o
 .debug_macro   0x0001db36      0x25e ./Core/Src/stm32g0xx_hal_msp.o
 .debug_macro   0x0001dd94      0x268 ./Core/Src/stm32g0xx_it.o
 .debug_macro   0x0001dffc      0x24f ./Core/Src/system_stm32g0xx.o
 .debug_macro   0x0001e24b      0x273 ./Drivers/STM32G0xx_HAL_Driver/Src/stm32g0xx_hal.o
 .debug_macro   0x0001e4be      0x273 ./Drivers/STM32G0xx_HAL_Driver/Src/stm32g0xx_hal_adc.o
 .debug_macro   0x0001e731      0x24f ./Drivers/STM32G0xx_HAL_Driver/Src/stm32g0xx_hal_cortex.o
 .debug_macro   0x0001e980      0x361 ./Drivers/STM32G0xx_HAL_Driver/Src/stm32g0xx_hal_fdcan.o
 .debug_macro   0x0001ece1      0x24f ./Drivers/STM32G0xx_HAL_Driver/Src/stm32g0xx_hal_flash.o
 .debug_macro   0x0001ef30      0x24f ./Drivers/STM32G0xx_HAL_Driver/Src/stm32g0xx_hal_flash_ex.o
 .debug_macro   0x0001f17f      0x256 ./Drivers/STM32G0xx_HAL_Driver/Src/stm32g0xx_hal_gpio.o
 .debug_macro   0x0001f3d5      0x31b ./Drivers/STM32G0xx_HAL_Driver/Src/stm32g0xx_hal_i2c.o
 .debug_macro   0x0001f6f0      0x24f ./Drivers/STM32G0xx_HAL_Driver/Src/stm32g0xx_hal_i2c_ex.o
 .debug_macro   0x0001f93f      0x25b ./Drivers/STM32G0xx_HAL_Driver/Src/stm32g0xx_hal_pcd.o
 .debug_macro   0x0001fb9a      0x24f ./Drivers/STM32G0xx_HAL_Driver/Src/stm32g0xx_hal_pcd_ex.o
 .debug_macro   0x0001fde9      0x279 ./Drivers/STM32G0xx_HAL_Driver/Src/stm32g0xx_hal_pwr_ex.o
 .debug_macro   0x00020062      0x297 ./Drivers/STM32G0xx_HAL_Driver/Src/stm32g0xx_hal_rcc.o
 .debug_macro   0x000202f9      0x267 ./Drivers/STM32G0xx_HAL_Driver/Src/stm32g0xx_hal_rcc_ex.o
 .debug_macro   0x00020560      0x257 ./Drivers/STM32G0xx_HAL_Driver/Src/stm32g0xx_hal_spi.o
 .debug_macro   0x000207b7      0x257 ./Drivers/STM32G0xx_HAL_Driver/Src/stm32g0xx_hal_tim.o
 .debug_macro   0x00020a0e      0x255 ./Drivers/STM32G0xx_HAL_Driver/Src/stm32g0xx_hal_tim_ex.o
 .debug_macro   0x00020c63      0x24f ./Drivers/STM32G0xx_HAL_Driver/Src/stm32g0xx_ll_usb.o

.debug_line     0x00000000    0x20913
 .debug_line    0x00000000      0xa8f ./Core/Src/MT6835.o
 .debug_line    0x00000a8f      0x88f ./Core/Src/error_blink.o
 .debug_line    0x0000131e     0x10ef ./Core/Src/flash_config.o
 .debug_line    0x0000240d     0x171e ./Core/Src/main.o
 .debug_line    0x00003b2b      0xb0c ./Core/Src/non_blocking_morse.o
 .debug_line    0x00004637      0x9c7 ./Core/Src/rgb_led.o
 .debug_line    0x00004ffe      0xb57 ./Core/Src/stm32g0xx_hal_msp.o
 .debug_line    0x00005b55      0x8d4 ./Core/Src/stm32g0xx_it.o